<!doctype html public "-//w3c//dtd html 4.0 transitional//en">
<html><head>
<title>Static Call Graph - [.\output\release\GUaBaoHe_Relay101.axf]</title></head>
<body><HR>
<H1>Static Call Graph for image .\output\release\GUaBaoHe_Relay101.axf</H1><HR>
<BR><P>#&#060CALLGRAPH&#062# ARM Linker, 5060960: Last Updated: Sat Jun 21 16:03:07 2025
<BR><P>
<H3>Maximum Stack Usage =        136 bytes + Unknown(Functions without stacksize, Cycles, Untraceable Function Pointers)</H3><H3>
Call chain for Maximum Stack Depth:</H3>
__rt_entry_main &rArr; main &rArr; init &rArr; uart1_init &rArr; App_UartInit &rArr; Uart_Init &rArr; Uart_SetMultiMode &rArr; UartGetInternDataPtr
<P>
<H3>
Functions with no stack information
</H3><UL>
 <LI><a href="#[31]">__user_initial_stackheap</a>
</UL>
</UL>
<P>
<H3>
Mutually Recursive functions
</H3> <LI><a href="#[6]">NMI_Handler</a>&nbsp;&nbsp;&nbsp;&rArr;&nbsp;&nbsp;&nbsp;<a href="#[6]">NMI_Handler</a><BR>
 <LI><a href="#[8]">SVC_Handler</a>&nbsp;&nbsp;&nbsp;&rArr;&nbsp;&nbsp;&nbsp;<a href="#[8]">SVC_Handler</a><BR>
 <LI><a href="#[9]">PendSV_Handler</a>&nbsp;&nbsp;&nbsp;&rArr;&nbsp;&nbsp;&nbsp;<a href="#[9]">PendSV_Handler</a><BR>
 <LI><a href="#[a]">SysTick_Handler</a>&nbsp;&nbsp;&nbsp;&rArr;&nbsp;&nbsp;&nbsp;<a href="#[a]">SysTick_Handler</a><BR>
 <LI><a href="#[f]">IRQ004_Handler</a>&nbsp;&nbsp;&nbsp;&rArr;&nbsp;&nbsp;&nbsp;<a href="#[f]">IRQ004_Handler</a><BR>
</UL>
<P>
<H3>
Function Pointers
</H3><UL>
 <LI><a href="#[2d]">Bt0Int</a> from timers.o(i.Bt0Int) referenced from timers.o(i.App_Timer0Cfg)
 <LI><a href="#[2f]">ErrIntCallback</a> from usart.o(i.ErrIntCallback) referenced from usart.o(i.App_UartInit)
 <LI><a href="#[7]">HardFault_Handler</a> from interrupts_hc32l110_1.o(i.HardFault_Handler) referenced from startup_hc32l110.o(RESET)
 <LI><a href="#[b]">IRQ000_Handler</a> from interrupts_hc32l110_1.o(i.IRQ000_Handler) referenced from startup_hc32l110.o(RESET)
 <LI><a href="#[c]">IRQ001_Handler</a> from interrupts_hc32l110_1.o(i.IRQ001_Handler) referenced from startup_hc32l110.o(RESET)
 <LI><a href="#[d]">IRQ002_Handler</a> from interrupts_hc32l110_1.o(i.IRQ002_Handler) referenced from startup_hc32l110.o(RESET)
 <LI><a href="#[e]">IRQ003_Handler</a> from interrupts_hc32l110_1.o(i.IRQ003_Handler) referenced from startup_hc32l110.o(RESET)
 <LI><a href="#[f]">IRQ004_Handler</a> from startup_hc32l110.o(.text) referenced from startup_hc32l110.o(RESET)
 <LI><a href="#[10]">IRQ005_Handler</a> from startup_hc32l110.o(.text) referenced from startup_hc32l110.o(RESET)
 <LI><a href="#[11]">IRQ006_Handler</a> from interrupts_hc32l110_1.o(i.IRQ006_Handler) referenced from startup_hc32l110.o(RESET)
 <LI><a href="#[12]">IRQ007_Handler</a> from interrupts_hc32l110_1.o(i.IRQ007_Handler) referenced from startup_hc32l110.o(RESET)
 <LI><a href="#[13]">IRQ008_Handler</a> from interrupts_hc32l110_1.o(i.IRQ008_Handler) referenced from startup_hc32l110.o(RESET)
 <LI><a href="#[14]">IRQ009_Handler</a> from startup_hc32l110.o(.text) referenced from startup_hc32l110.o(RESET)
 <LI><a href="#[15]">IRQ010_Handler</a> from interrupts_hc32l110_1.o(i.IRQ010_Handler) referenced from startup_hc32l110.o(RESET)
 <LI><a href="#[16]">IRQ011_Handler</a> from startup_hc32l110.o(.text) referenced from startup_hc32l110.o(RESET)
 <LI><a href="#[17]">IRQ012_Handler</a> from interrupts_hc32l110_1.o(i.IRQ012_Handler) referenced from startup_hc32l110.o(RESET)
 <LI><a href="#[18]">IRQ013_Handler</a> from startup_hc32l110.o(.text) referenced from startup_hc32l110.o(RESET)
 <LI><a href="#[19]">IRQ014_Handler</a> from interrupts_hc32l110_1.o(i.IRQ014_Handler) referenced from startup_hc32l110.o(RESET)
 <LI><a href="#[1a]">IRQ015_Handler</a> from interrupts_hc32l110_1.o(i.IRQ015_Handler) referenced from startup_hc32l110.o(RESET)
 <LI><a href="#[1b]">IRQ016_Handler</a> from interrupts_hc32l110_1.o(i.IRQ016_Handler) referenced from startup_hc32l110.o(RESET)
 <LI><a href="#[1c]">IRQ017_Handler</a> from interrupts_hc32l110_1.o(i.IRQ017_Handler) referenced from startup_hc32l110.o(RESET)
 <LI><a href="#[1d]">IRQ018_Handler</a> from interrupts_hc32l110_1.o(i.IRQ018_Handler) referenced from startup_hc32l110.o(RESET)
 <LI><a href="#[1e]">IRQ019_Handler</a> from interrupts_hc32l110_1.o(i.IRQ019_Handler) referenced from startup_hc32l110.o(RESET)
 <LI><a href="#[1f]">IRQ020_Handler</a> from interrupts_hc32l110_1.o(i.IRQ020_Handler) referenced from startup_hc32l110.o(RESET)
 <LI><a href="#[20]">IRQ021_Handler</a> from interrupts_hc32l110_1.o(i.IRQ021_Handler) referenced from startup_hc32l110.o(RESET)
 <LI><a href="#[21]">IRQ022_Handler</a> from interrupts_hc32l110_1.o(i.IRQ022_Handler) referenced from startup_hc32l110.o(RESET)
 <LI><a href="#[22]">IRQ023_Handler</a> from interrupts_hc32l110_1.o(i.IRQ023_Handler) referenced from startup_hc32l110.o(RESET)
 <LI><a href="#[23]">IRQ024_Handler</a> from interrupts_hc32l110_1.o(i.IRQ024_Handler) referenced from startup_hc32l110.o(RESET)
 <LI><a href="#[24]">IRQ025_Handler</a> from startup_hc32l110.o(.text) referenced from startup_hc32l110.o(RESET)
 <LI><a href="#[25]">IRQ026_Handler</a> from interrupts_hc32l110_1.o(i.IRQ026_Handler) referenced from startup_hc32l110.o(RESET)
 <LI><a href="#[26]">IRQ027_Handler</a> from interrupts_hc32l110_1.o(i.IRQ027_Handler) referenced from startup_hc32l110.o(RESET)
 <LI><a href="#[27]">IRQ028_Handler</a> from interrupts_hc32l110_1.o(i.IRQ028_Handler) referenced from startup_hc32l110.o(RESET)
 <LI><a href="#[28]">IRQ029_Handler</a> from startup_hc32l110.o(.text) referenced from startup_hc32l110.o(RESET)
 <LI><a href="#[29]">IRQ030_Handler</a> from interrupts_hc32l110_1.o(i.IRQ030_Handler) referenced from startup_hc32l110.o(RESET)
 <LI><a href="#[2a]">IRQ031_Handler</a> from interrupts_hc32l110_1.o(i.IRQ031_Handler) referenced from startup_hc32l110.o(RESET)
 <LI><a href="#[6]">NMI_Handler</a> from startup_hc32l110.o(.text) referenced from startup_hc32l110.o(RESET)
 <LI><a href="#[9]">PendSV_Handler</a> from startup_hc32l110.o(.text) referenced from startup_hc32l110.o(RESET)
 <LI><a href="#[5]">Reset_Handler</a> from startup_hc32l110.o(.text) referenced from startup_hc32l110.o(RESET)
 <LI><a href="#[2e]">RxIntCallback</a> from usart.o(i.RxIntCallback) referenced from usart.o(i.App_UartInit)
 <LI><a href="#[8]">SVC_Handler</a> from startup_hc32l110.o(.text) referenced from startup_hc32l110.o(RESET)
 <LI><a href="#[a]">SysTick_Handler</a> from startup_hc32l110.o(.text) referenced from startup_hc32l110.o(RESET)
 <LI><a href="#[2b]">SystemInit</a> from system_hc32l110.o(i.SystemInit) referenced from startup_hc32l110.o(.text)
 <LI><a href="#[30]">__main</a> from __main.o(!!!main) referenced from startup_hc32l110.o(.text)
</UL>
<P>
<H3>
Global Symbols
</H3>
<P><STRONG><a name="[30]"></a>__main</STRONG> (Thumb, 8 bytes, Stack size 0 bytes, __main.o(!!!main))
<BR><BR>[Calls]<UL><LI><a href="#[37]">&gt;&gt;</a>&nbsp;&nbsp;&nbsp;__scatterload
<LI><a href="#[38]">&gt;&gt;</a>&nbsp;&nbsp;&nbsp;__rt_entry
</UL>

<P><STRONG><a name="[37]"></a>__scatterload</STRONG> (Thumb, 0 bytes, Stack size unknown bytes, __scatter.o(!!!scatter))
<BR><BR>[Called By]<UL><LI><a href="#[30]">&gt;&gt;</a>&nbsp;&nbsp;&nbsp;__main
</UL>

<P><STRONG><a name="[39]"></a>__scatterload_rt2</STRONG> (Thumb, 52 bytes, Stack size unknown bytes, __scatter.o(!!!scatter), UNUSED)
<BR><BR>[Calls]<UL><LI><a href="#[38]">&gt;&gt;</a>&nbsp;&nbsp;&nbsp;__rt_entry
</UL>

<P><STRONG><a name="[ad]"></a>__scatterload_rt2_thumb_only</STRONG> (Thumb, 0 bytes, Stack size unknown bytes, __scatter.o(!!!scatter), UNUSED)

<P><STRONG><a name="[ae]"></a>__scatterload_null</STRONG> (Thumb, 0 bytes, Stack size unknown bytes, __scatter.o(!!!scatter), UNUSED)

<P><STRONG><a name="[3a]"></a>__scatterload_copy</STRONG> (Thumb, 26 bytes, Stack size unknown bytes, __scatter_copy.o(!!handler_copy), UNUSED)
<BR><BR>[Calls]<UL><LI><a href="#[3a]">&gt;&gt;</a>&nbsp;&nbsp;&nbsp;__scatterload_copy
</UL>
<BR>[Called By]<UL><LI><a href="#[3a]">&gt;&gt;</a>&nbsp;&nbsp;&nbsp;__scatterload_copy
</UL>

<P><STRONG><a name="[af]"></a>__scatterload_zeroinit</STRONG> (Thumb, 28 bytes, Stack size unknown bytes, __scatter_zi.o(!!handler_zi), UNUSED)

<P><STRONG><a name="[3e]"></a>__rt_lib_init</STRONG> (Thumb, 0 bytes, Stack size unknown bytes, libinit.o(.ARM.Collect$$libinit$$00000000))
<BR><BR>[Called By]<UL><LI><a href="#[3d]">&gt;&gt;</a>&nbsp;&nbsp;&nbsp;__rt_entry_li
</UL>

<P><STRONG><a name="[b0]"></a>__rt_lib_init_alloca_1</STRONG> (Thumb, 0 bytes, Stack size unknown bytes, libinit2.o(.ARM.Collect$$libinit$$0000002E))

<P><STRONG><a name="[b1]"></a>__rt_lib_init_argv_1</STRONG> (Thumb, 0 bytes, Stack size unknown bytes, libinit2.o(.ARM.Collect$$libinit$$0000002C))

<P><STRONG><a name="[b2]"></a>__rt_lib_init_atexit_1</STRONG> (Thumb, 0 bytes, Stack size unknown bytes, libinit2.o(.ARM.Collect$$libinit$$0000001B))

<P><STRONG><a name="[b3]"></a>__rt_lib_init_clock_1</STRONG> (Thumb, 0 bytes, Stack size unknown bytes, libinit2.o(.ARM.Collect$$libinit$$00000021))

<P><STRONG><a name="[b4]"></a>__rt_lib_init_cpp_1</STRONG> (Thumb, 0 bytes, Stack size unknown bytes, libinit2.o(.ARM.Collect$$libinit$$00000032))

<P><STRONG><a name="[b5]"></a>__rt_lib_init_exceptions_1</STRONG> (Thumb, 0 bytes, Stack size unknown bytes, libinit2.o(.ARM.Collect$$libinit$$00000030))

<P><STRONG><a name="[b6]"></a>__rt_lib_init_fp_1</STRONG> (Thumb, 0 bytes, Stack size unknown bytes, libinit2.o(.ARM.Collect$$libinit$$00000002))

<P><STRONG><a name="[b7]"></a>__rt_lib_init_fp_trap_1</STRONG> (Thumb, 0 bytes, Stack size unknown bytes, libinit2.o(.ARM.Collect$$libinit$$0000001F))

<P><STRONG><a name="[b8]"></a>__rt_lib_init_getenv_1</STRONG> (Thumb, 0 bytes, Stack size unknown bytes, libinit2.o(.ARM.Collect$$libinit$$00000023))

<P><STRONG><a name="[b9]"></a>__rt_lib_init_heap_1</STRONG> (Thumb, 0 bytes, Stack size unknown bytes, libinit2.o(.ARM.Collect$$libinit$$0000000A))

<P><STRONG><a name="[ba]"></a>__rt_lib_init_lc_collate_1</STRONG> (Thumb, 0 bytes, Stack size unknown bytes, libinit2.o(.ARM.Collect$$libinit$$00000011))

<P><STRONG><a name="[bb]"></a>__rt_lib_init_lc_ctype_1</STRONG> (Thumb, 0 bytes, Stack size unknown bytes, libinit2.o(.ARM.Collect$$libinit$$00000013))

<P><STRONG><a name="[bc]"></a>__rt_lib_init_lc_monetary_1</STRONG> (Thumb, 0 bytes, Stack size unknown bytes, libinit2.o(.ARM.Collect$$libinit$$00000015))

<P><STRONG><a name="[bd]"></a>__rt_lib_init_lc_numeric_1</STRONG> (Thumb, 0 bytes, Stack size unknown bytes, libinit2.o(.ARM.Collect$$libinit$$00000017))

<P><STRONG><a name="[be]"></a>__rt_lib_init_lc_time_1</STRONG> (Thumb, 0 bytes, Stack size unknown bytes, libinit2.o(.ARM.Collect$$libinit$$00000019))

<P><STRONG><a name="[bf]"></a>__rt_lib_init_preinit_1</STRONG> (Thumb, 0 bytes, Stack size unknown bytes, libinit2.o(.ARM.Collect$$libinit$$00000004))

<P><STRONG><a name="[c0]"></a>__rt_lib_init_rand_1</STRONG> (Thumb, 0 bytes, Stack size unknown bytes, libinit2.o(.ARM.Collect$$libinit$$0000000E))

<P><STRONG><a name="[c1]"></a>__rt_lib_init_return</STRONG> (Thumb, 0 bytes, Stack size unknown bytes, libinit2.o(.ARM.Collect$$libinit$$00000033))

<P><STRONG><a name="[c2]"></a>__rt_lib_init_signal_1</STRONG> (Thumb, 0 bytes, Stack size unknown bytes, libinit2.o(.ARM.Collect$$libinit$$0000001D))

<P><STRONG><a name="[c3]"></a>__rt_lib_init_stdio_1</STRONG> (Thumb, 0 bytes, Stack size unknown bytes, libinit2.o(.ARM.Collect$$libinit$$00000025))

<P><STRONG><a name="[c4]"></a>__rt_lib_init_user_alloc_1</STRONG> (Thumb, 0 bytes, Stack size unknown bytes, libinit2.o(.ARM.Collect$$libinit$$0000000C))

<P><STRONG><a name="[43]"></a>__rt_lib_shutdown</STRONG> (Thumb, 0 bytes, Stack size unknown bytes, libshutdown.o(.ARM.Collect$$libshutdown$$00000000))
<BR><BR>[Called By]<UL><LI><a href="#[42]">&gt;&gt;</a>&nbsp;&nbsp;&nbsp;__rt_exit_ls
</UL>

<P><STRONG><a name="[c5]"></a>__rt_lib_shutdown_cpp_1</STRONG> (Thumb, 0 bytes, Stack size unknown bytes, libshutdown2.o(.ARM.Collect$$libshutdown$$00000004))

<P><STRONG><a name="[c6]"></a>__rt_lib_shutdown_fini_1</STRONG> (Thumb, 0 bytes, Stack size unknown bytes, libshutdown2.o(.ARM.Collect$$libshutdown$$00000002))

<P><STRONG><a name="[c7]"></a>__rt_lib_shutdown_fp_trap_1</STRONG> (Thumb, 0 bytes, Stack size unknown bytes, libshutdown2.o(.ARM.Collect$$libshutdown$$00000009))

<P><STRONG><a name="[c8]"></a>__rt_lib_shutdown_heap_1</STRONG> (Thumb, 0 bytes, Stack size unknown bytes, libshutdown2.o(.ARM.Collect$$libshutdown$$00000011))

<P><STRONG><a name="[c9]"></a>__rt_lib_shutdown_return</STRONG> (Thumb, 0 bytes, Stack size unknown bytes, libshutdown2.o(.ARM.Collect$$libshutdown$$00000012))

<P><STRONG><a name="[ca]"></a>__rt_lib_shutdown_signal_1</STRONG> (Thumb, 0 bytes, Stack size unknown bytes, libshutdown2.o(.ARM.Collect$$libshutdown$$0000000C))

<P><STRONG><a name="[cb]"></a>__rt_lib_shutdown_stdio_1</STRONG> (Thumb, 0 bytes, Stack size unknown bytes, libshutdown2.o(.ARM.Collect$$libshutdown$$00000006))

<P><STRONG><a name="[cc]"></a>__rt_lib_shutdown_user_alloc_1</STRONG> (Thumb, 0 bytes, Stack size unknown bytes, libshutdown2.o(.ARM.Collect$$libshutdown$$0000000E))

<P><STRONG><a name="[38]"></a>__rt_entry</STRONG> (Thumb, 0 bytes, Stack size unknown bytes, __rtentry.o(.ARM.Collect$$rtentry$$00000000))
<BR><BR>[Called By]<UL><LI><a href="#[39]">&gt;&gt;</a>&nbsp;&nbsp;&nbsp;__scatterload_rt2
<LI><a href="#[30]">&gt;&gt;</a>&nbsp;&nbsp;&nbsp;__main
</UL>

<P><STRONG><a name="[cd]"></a>__rt_entry_presh_1</STRONG> (Thumb, 0 bytes, Stack size unknown bytes, __rtentry2.o(.ARM.Collect$$rtentry$$00000002))

<P><STRONG><a name="[3b]"></a>__rt_entry_sh</STRONG> (Thumb, 0 bytes, Stack size unknown bytes, __rtentry4.o(.ARM.Collect$$rtentry$$00000004))
<BR><BR>[Stack]<UL><LI>Max Depth = 8 + Unknown Stack Size
<LI>Call Chain = __rt_entry_sh &rArr; __user_setup_stackheap
</UL>
<BR>[Calls]<UL><LI><a href="#[3c]">&gt;&gt;</a>&nbsp;&nbsp;&nbsp;__user_setup_stackheap
</UL>

<P><STRONG><a name="[3d]"></a>__rt_entry_li</STRONG> (Thumb, 0 bytes, Stack size unknown bytes, __rtentry2.o(.ARM.Collect$$rtentry$$0000000A))
<BR><BR>[Calls]<UL><LI><a href="#[3e]">&gt;&gt;</a>&nbsp;&nbsp;&nbsp;__rt_lib_init
</UL>

<P><STRONG><a name="[ce]"></a>__rt_entry_postsh_1</STRONG> (Thumb, 0 bytes, Stack size unknown bytes, __rtentry2.o(.ARM.Collect$$rtentry$$00000009))

<P><STRONG><a name="[3f]"></a>__rt_entry_main</STRONG> (Thumb, 0 bytes, Stack size unknown bytes, __rtentry2.o(.ARM.Collect$$rtentry$$0000000D))
<BR><BR>[Stack]<UL><LI>Max Depth = 136 + Unknown Stack Size
<LI>Call Chain = __rt_entry_main &rArr; main &rArr; init &rArr; uart1_init &rArr; App_UartInit &rArr; Uart_Init &rArr; Uart_SetMultiMode &rArr; UartGetInternDataPtr
</UL>
<BR>[Calls]<UL><LI><a href="#[40]">&gt;&gt;</a>&nbsp;&nbsp;&nbsp;main
<LI><a href="#[41]">&gt;&gt;</a>&nbsp;&nbsp;&nbsp;exit
</UL>

<P><STRONG><a name="[cf]"></a>__rt_entry_postli_1</STRONG> (Thumb, 0 bytes, Stack size unknown bytes, __rtentry2.o(.ARM.Collect$$rtentry$$0000000C))

<P><STRONG><a name="[48]"></a>__rt_exit</STRONG> (Thumb, 0 bytes, Stack size unknown bytes, rtexit.o(.ARM.Collect$$rtexit$$00000000))
<BR><BR>[Called By]<UL><LI><a href="#[41]">&gt;&gt;</a>&nbsp;&nbsp;&nbsp;exit
</UL>

<P><STRONG><a name="[42]"></a>__rt_exit_ls</STRONG> (Thumb, 0 bytes, Stack size unknown bytes, rtexit2.o(.ARM.Collect$$rtexit$$00000003))
<BR><BR>[Calls]<UL><LI><a href="#[43]">&gt;&gt;</a>&nbsp;&nbsp;&nbsp;__rt_lib_shutdown
</UL>

<P><STRONG><a name="[d0]"></a>__rt_exit_prels_1</STRONG> (Thumb, 0 bytes, Stack size unknown bytes, rtexit2.o(.ARM.Collect$$rtexit$$00000002))

<P><STRONG><a name="[44]"></a>__rt_exit_exit</STRONG> (Thumb, 0 bytes, Stack size unknown bytes, rtexit2.o(.ARM.Collect$$rtexit$$00000004))
<BR><BR>[Calls]<UL><LI><a href="#[45]">&gt;&gt;</a>&nbsp;&nbsp;&nbsp;_sys_exit
</UL>

<P><STRONG><a name="[5]"></a>Reset_Handler</STRONG> (Thumb, 26 bytes, Stack size 0 bytes, startup_hc32l110.o(.text))
<BR>[Address Reference Count : 1]<UL><LI> startup_hc32l110.o(RESET)
</UL>
<P><STRONG><a name="[6]"></a>NMI_Handler</STRONG> (Thumb, 2 bytes, Stack size 0 bytes, startup_hc32l110.o(.text))
<BR><BR>[Calls]<UL><LI><a href="#[6]">&gt;&gt;</a>&nbsp;&nbsp;&nbsp;NMI_Handler
</UL>
<BR>[Called By]<UL><LI><a href="#[6]">&gt;&gt;</a>&nbsp;&nbsp;&nbsp;NMI_Handler
</UL>
<BR>[Address Reference Count : 1]<UL><LI> startup_hc32l110.o(RESET)
</UL>
<P><STRONG><a name="[8]"></a>SVC_Handler</STRONG> (Thumb, 2 bytes, Stack size 0 bytes, startup_hc32l110.o(.text))
<BR><BR>[Calls]<UL><LI><a href="#[8]">&gt;&gt;</a>&nbsp;&nbsp;&nbsp;SVC_Handler
</UL>
<BR>[Called By]<UL><LI><a href="#[8]">&gt;&gt;</a>&nbsp;&nbsp;&nbsp;SVC_Handler
</UL>
<BR>[Address Reference Count : 1]<UL><LI> startup_hc32l110.o(RESET)
</UL>
<P><STRONG><a name="[9]"></a>PendSV_Handler</STRONG> (Thumb, 2 bytes, Stack size 0 bytes, startup_hc32l110.o(.text))
<BR><BR>[Calls]<UL><LI><a href="#[9]">&gt;&gt;</a>&nbsp;&nbsp;&nbsp;PendSV_Handler
</UL>
<BR>[Called By]<UL><LI><a href="#[9]">&gt;&gt;</a>&nbsp;&nbsp;&nbsp;PendSV_Handler
</UL>
<BR>[Address Reference Count : 1]<UL><LI> startup_hc32l110.o(RESET)
</UL>
<P><STRONG><a name="[a]"></a>SysTick_Handler</STRONG> (Thumb, 2 bytes, Stack size 0 bytes, startup_hc32l110.o(.text))
<BR><BR>[Calls]<UL><LI><a href="#[a]">&gt;&gt;</a>&nbsp;&nbsp;&nbsp;SysTick_Handler
</UL>
<BR>[Called By]<UL><LI><a href="#[a]">&gt;&gt;</a>&nbsp;&nbsp;&nbsp;SysTick_Handler
</UL>
<BR>[Address Reference Count : 1]<UL><LI> startup_hc32l110.o(RESET)
</UL>
<P><STRONG><a name="[f]"></a>IRQ004_Handler</STRONG> (Thumb, 0 bytes, Stack size 0 bytes, startup_hc32l110.o(.text))
<BR><BR>[Calls]<UL><LI><a href="#[f]">&gt;&gt;</a>&nbsp;&nbsp;&nbsp;IRQ004_Handler
</UL>
<BR>[Called By]<UL><LI><a href="#[f]">&gt;&gt;</a>&nbsp;&nbsp;&nbsp;IRQ004_Handler
</UL>
<BR>[Address Reference Count : 1]<UL><LI> startup_hc32l110.o(RESET)
</UL>
<P><STRONG><a name="[10]"></a>IRQ005_Handler</STRONG> (Thumb, 0 bytes, Stack size 0 bytes, startup_hc32l110.o(.text))
<BR>[Address Reference Count : 1]<UL><LI> startup_hc32l110.o(RESET)
</UL>
<P><STRONG><a name="[14]"></a>IRQ009_Handler</STRONG> (Thumb, 0 bytes, Stack size 0 bytes, startup_hc32l110.o(.text))
<BR>[Address Reference Count : 1]<UL><LI> startup_hc32l110.o(RESET)
</UL>
<P><STRONG><a name="[16]"></a>IRQ011_Handler</STRONG> (Thumb, 0 bytes, Stack size 0 bytes, startup_hc32l110.o(.text))
<BR>[Address Reference Count : 1]<UL><LI> startup_hc32l110.o(RESET)
</UL>
<P><STRONG><a name="[18]"></a>IRQ013_Handler</STRONG> (Thumb, 0 bytes, Stack size 0 bytes, startup_hc32l110.o(.text))
<BR>[Address Reference Count : 1]<UL><LI> startup_hc32l110.o(RESET)
</UL>
<P><STRONG><a name="[24]"></a>IRQ025_Handler</STRONG> (Thumb, 0 bytes, Stack size 0 bytes, startup_hc32l110.o(.text))
<BR>[Address Reference Count : 1]<UL><LI> startup_hc32l110.o(RESET)
</UL>
<P><STRONG><a name="[28]"></a>IRQ029_Handler</STRONG> (Thumb, 0 bytes, Stack size 0 bytes, startup_hc32l110.o(.text))
<BR>[Address Reference Count : 1]<UL><LI> startup_hc32l110.o(RESET)
</UL>
<P><STRONG><a name="[31]"></a>__user_initial_stackheap</STRONG> (Thumb, 0 bytes, Stack size unknown bytes, startup_hc32l110.o(.text))
<BR><BR>[Called By]<UL><LI><a href="#[3c]">&gt;&gt;</a>&nbsp;&nbsp;&nbsp;__user_setup_stackheap
</UL>

<P><STRONG><a name="[d1]"></a>__use_no_semihosting</STRONG> (Thumb, 2 bytes, Stack size 0 bytes, use_no_semi_2.o(.text), UNUSED)

<P><STRONG><a name="[d2]"></a>__aeabi_uidiv</STRONG> (Thumb, 0 bytes, Stack size 0 bytes, aeabi_sdiv.o(.text), UNUSED)

<P><STRONG><a name="[9e]"></a>__aeabi_uidivmod</STRONG> (Thumb, 20 bytes, Stack size 0 bytes, aeabi_sdiv.o(.text))
<BR><BR>[Called By]<UL><LI><a href="#[5b]">&gt;&gt;</a>&nbsp;&nbsp;&nbsp;Uart_SetBaudRate
</UL>

<P><STRONG><a name="[d3]"></a>__aeabi_idiv</STRONG> (Thumb, 0 bytes, Stack size 8 bytes, aeabi_sdiv.o(.text), UNUSED)

<P><STRONG><a name="[d4]"></a>__aeabi_idivmod</STRONG> (Thumb, 326 bytes, Stack size 8 bytes, aeabi_sdiv.o(.text), UNUSED)

<P><STRONG><a name="[d5]"></a>__use_two_region_memory</STRONG> (Thumb, 2 bytes, Stack size 0 bytes, heapauxi.o(.text), UNUSED)

<P><STRONG><a name="[d6]"></a>__rt_heap_escrow$2region</STRONG> (Thumb, 2 bytes, Stack size 0 bytes, heapauxi.o(.text), UNUSED)

<P><STRONG><a name="[d7]"></a>__rt_heap_expand$2region</STRONG> (Thumb, 2 bytes, Stack size 0 bytes, heapauxi.o(.text), UNUSED)

<P><STRONG><a name="[d8]"></a>__I$use$semihosting</STRONG> (Thumb, 0 bytes, Stack size 0 bytes, use_no_semi.o(.text), UNUSED)

<P><STRONG><a name="[d9]"></a>__use_no_semihosting_swi</STRONG> (Thumb, 2 bytes, Stack size 0 bytes, use_no_semi.o(.text), UNUSED)

<P><STRONG><a name="[3c]"></a>__user_setup_stackheap</STRONG> (Thumb, 62 bytes, Stack size 8 bytes, sys_stackheap_outer.o(.text))
<BR><BR>[Stack]<UL><LI>Max Depth = 8 + Unknown Stack Size
<LI>Call Chain = __user_setup_stackheap
</UL>
<BR>[Calls]<UL><LI><a href="#[31]">&gt;&gt;</a>&nbsp;&nbsp;&nbsp;__user_initial_stackheap
<LI><a href="#[46]">&gt;&gt;</a>&nbsp;&nbsp;&nbsp;__user_perproc_libspace
</UL>
<BR>[Called By]<UL><LI><a href="#[3b]">&gt;&gt;</a>&nbsp;&nbsp;&nbsp;__rt_entry_sh
</UL>

<P><STRONG><a name="[41]"></a>exit</STRONG> (Thumb, 16 bytes, Stack size 8 bytes, exit.o(.text))
<BR><BR>[Stack]<UL><LI>Max Depth = 8 + Unknown Stack Size
<LI>Call Chain = exit
</UL>
<BR>[Calls]<UL><LI><a href="#[48]">&gt;&gt;</a>&nbsp;&nbsp;&nbsp;__rt_exit
<LI><a href="#[47]">&gt;&gt;</a>&nbsp;&nbsp;&nbsp;_call_atexit_fns (Weak Reference)
</UL>
<BR>[Called By]<UL><LI><a href="#[3f]">&gt;&gt;</a>&nbsp;&nbsp;&nbsp;__rt_entry_main
</UL>

<P><STRONG><a name="[da]"></a>__user_libspace</STRONG> (Thumb, 8 bytes, Stack size 0 bytes, libspace.o(.text), UNUSED)

<P><STRONG><a name="[46]"></a>__user_perproc_libspace</STRONG> (Thumb, 0 bytes, Stack size 0 bytes, libspace.o(.text))
<BR><BR>[Called By]<UL><LI><a href="#[3c]">&gt;&gt;</a>&nbsp;&nbsp;&nbsp;__user_setup_stackheap
</UL>

<P><STRONG><a name="[db]"></a>__user_perthread_libspace</STRONG> (Thumb, 0 bytes, Stack size 0 bytes, libspace.o(.text), UNUSED)

<P><STRONG><a name="[49]"></a>App_ClkInit</STRONG> (Thumb, 142 bytes, Stack size 16 bytes, sys.o(i.App_ClkInit))
<BR><BR>[Stack]<UL><LI>Max Depth = 64<LI>Call Chain = App_ClkInit &rArr; Clk_SwitchTo &rArr; Clk_Enable
</UL>
<BR>[Calls]<UL><LI><a href="#[4a]">&gt;&gt;</a>&nbsp;&nbsp;&nbsp;Clk_SwitchTo
<LI><a href="#[4c]">&gt;&gt;</a>&nbsp;&nbsp;&nbsp;Clk_SetRCLFreq
<LI><a href="#[4b]">&gt;&gt;</a>&nbsp;&nbsp;&nbsp;Clk_SetRCHFreq
<LI><a href="#[4d]">&gt;&gt;</a>&nbsp;&nbsp;&nbsp;Clk_GetHClkFreq
</UL>
<BR>[Called By]<UL><LI><a href="#[a3]">&gt;&gt;</a>&nbsp;&nbsp;&nbsp;init
</UL>

<P><STRONG><a name="[4e]"></a>App_Timer0Cfg</STRONG> (Thumb, 90 bytes, Stack size 32 bytes, timers.o(i.App_Timer0Cfg))
<BR><BR>[Stack]<UL><LI>Max Depth = 52<LI>Call Chain = App_Timer0Cfg &rArr; Bt_Init
</UL>
<BR>[Calls]<UL><LI><a href="#[51]">&gt;&gt;</a>&nbsp;&nbsp;&nbsp;Bt_EnableIrq
<LI><a href="#[50]">&gt;&gt;</a>&nbsp;&nbsp;&nbsp;Bt_ClearIntFlag
<LI><a href="#[52]">&gt;&gt;</a>&nbsp;&nbsp;&nbsp;EnableNvic
<LI><a href="#[55]">&gt;&gt;</a>&nbsp;&nbsp;&nbsp;Bt_Run
<LI><a href="#[4f]">&gt;&gt;</a>&nbsp;&nbsp;&nbsp;Bt_Init
<LI><a href="#[54]">&gt;&gt;</a>&nbsp;&nbsp;&nbsp;Bt_Cnt16Set
<LI><a href="#[53]">&gt;&gt;</a>&nbsp;&nbsp;&nbsp;Bt_ARRSet
</UL>
<BR>[Called By]<UL><LI><a href="#[a7]">&gt;&gt;</a>&nbsp;&nbsp;&nbsp;timer0_Init
</UL>

<P><STRONG><a name="[2d]"></a>Bt0Int</STRONG> (Thumb, 44 bytes, Stack size 8 bytes, timers.o(i.Bt0Int))
<BR><BR>[Stack]<UL><LI>Max Depth = 120<LI>Call Chain = Bt0Int &rArr; TG_TimOVR &rArr; ZeroDelay &rArr; Relay_sub &rArr; h595d_write &rArr; delay_us
</UL>
<BR>[Calls]<UL><LI><a href="#[62]">&gt;&gt;</a>&nbsp;&nbsp;&nbsp;xunSub_timer
<LI><a href="#[60]">&gt;&gt;</a>&nbsp;&nbsp;&nbsp;Bt_GetIntFlag
<LI><a href="#[50]">&gt;&gt;</a>&nbsp;&nbsp;&nbsp;Bt_ClearIntFlag
<LI><a href="#[61]">&gt;&gt;</a>&nbsp;&nbsp;&nbsp;TG_TimOVR
</UL>
<BR>[Address Reference Count : 1]<UL><LI> timers.o(i.App_Timer0Cfg)
</UL>
<P><STRONG><a name="[53]"></a>Bt_ARRSet</STRONG> (Thumb, 62 bytes, Stack size 0 bytes, bt_1.o(i.Bt_ARRSet))
<BR><BR>[Called By]<UL><LI><a href="#[4e]">&gt;&gt;</a>&nbsp;&nbsp;&nbsp;App_Timer0Cfg
<LI><a href="#[56]">&gt;&gt;</a>&nbsp;&nbsp;&nbsp;App_UartInit
</UL>

<P><STRONG><a name="[50]"></a>Bt_ClearIntFlag</STRONG> (Thumb, 56 bytes, Stack size 0 bytes, bt_1.o(i.Bt_ClearIntFlag))
<BR><BR>[Called By]<UL><LI><a href="#[2d]">&gt;&gt;</a>&nbsp;&nbsp;&nbsp;Bt0Int
<LI><a href="#[4e]">&gt;&gt;</a>&nbsp;&nbsp;&nbsp;App_Timer0Cfg
</UL>

<P><STRONG><a name="[54]"></a>Bt_Cnt16Set</STRONG> (Thumb, 62 bytes, Stack size 0 bytes, bt_1.o(i.Bt_Cnt16Set))
<BR><BR>[Called By]<UL><LI><a href="#[4e]">&gt;&gt;</a>&nbsp;&nbsp;&nbsp;App_Timer0Cfg
<LI><a href="#[75]">&gt;&gt;</a>&nbsp;&nbsp;&nbsp;TG_ZeroEX
<LI><a href="#[56]">&gt;&gt;</a>&nbsp;&nbsp;&nbsp;App_UartInit
</UL>

<P><STRONG><a name="[51]"></a>Bt_EnableIrq</STRONG> (Thumb, 52 bytes, Stack size 0 bytes, bt_1.o(i.Bt_EnableIrq))
<BR><BR>[Called By]<UL><LI><a href="#[4e]">&gt;&gt;</a>&nbsp;&nbsp;&nbsp;App_Timer0Cfg
</UL>

<P><STRONG><a name="[60]"></a>Bt_GetIntFlag</STRONG> (Thumb, 38 bytes, Stack size 0 bytes, bt_1.o(i.Bt_GetIntFlag))
<BR><BR>[Called By]<UL><LI><a href="#[2d]">&gt;&gt;</a>&nbsp;&nbsp;&nbsp;Bt0Int
</UL>

<P><STRONG><a name="[4f]"></a>Bt_Init</STRONG> (Thumb, 324 bytes, Stack size 20 bytes, bt_1.o(i.Bt_Init))
<BR><BR>[Stack]<UL><LI>Max Depth = 20<LI>Call Chain = Bt_Init
</UL>
<BR>[Called By]<UL><LI><a href="#[4e]">&gt;&gt;</a>&nbsp;&nbsp;&nbsp;App_Timer0Cfg
<LI><a href="#[56]">&gt;&gt;</a>&nbsp;&nbsp;&nbsp;App_UartInit
</UL>

<P><STRONG><a name="[55]"></a>Bt_Run</STRONG> (Thumb, 52 bytes, Stack size 0 bytes, bt_1.o(i.Bt_Run))
<BR><BR>[Called By]<UL><LI><a href="#[4e]">&gt;&gt;</a>&nbsp;&nbsp;&nbsp;App_Timer0Cfg
<LI><a href="#[56]">&gt;&gt;</a>&nbsp;&nbsp;&nbsp;App_UartInit
</UL>

<P><STRONG><a name="[63]"></a>Clk_Enable</STRONG> (Thumb, 180 bytes, Stack size 24 bytes, clk_1.o(i.Clk_Enable))
<BR><BR>[Stack]<UL><LI>Max Depth = 24<LI>Call Chain = Clk_Enable
</UL>
<BR>[Calls]<UL><LI><a href="#[65]">&gt;&gt;</a>&nbsp;&nbsp;&nbsp;ClkWriteDummy
<LI><a href="#[64]">&gt;&gt;</a>&nbsp;&nbsp;&nbsp;ClkUnlock
</UL>
<BR>[Called By]<UL><LI><a href="#[4a]">&gt;&gt;</a>&nbsp;&nbsp;&nbsp;Clk_SwitchTo
<LI><a href="#[2b]">&gt;&gt;</a>&nbsp;&nbsp;&nbsp;SystemInit
</UL>

<P><STRONG><a name="[6f]"></a>Clk_GetClkRdy</STRONG> (Thumb, 46 bytes, Stack size 0 bytes, clk_1.o(i.Clk_GetClkRdy))
<BR><BR>[Called By]<UL><LI><a href="#[4a]">&gt;&gt;</a>&nbsp;&nbsp;&nbsp;Clk_SwitchTo
</UL>

<P><STRONG><a name="[4d]"></a>Clk_GetHClkFreq</STRONG> (Thumb, 112 bytes, Stack size 16 bytes, clk_1.o(i.Clk_GetHClkFreq))
<BR><BR>[Stack]<UL><LI>Max Depth = 16<LI>Call Chain = Clk_GetHClkFreq
</UL>
<BR>[Called By]<UL><LI><a href="#[5a]">&gt;&gt;</a>&nbsp;&nbsp;&nbsp;Clk_GetPClkFreq
<LI><a href="#[49]">&gt;&gt;</a>&nbsp;&nbsp;&nbsp;App_ClkInit
<LI><a href="#[70]">&gt;&gt;</a>&nbsp;&nbsp;&nbsp;SystemCoreClockUpdate
</UL>

<P><STRONG><a name="[5a]"></a>Clk_GetPClkFreq</STRONG> (Thumb, 18 bytes, Stack size 4 bytes, clk_1.o(i.Clk_GetPClkFreq))
<BR><BR>[Stack]<UL><LI>Max Depth = 20<LI>Call Chain = Clk_GetPClkFreq &rArr; Clk_GetHClkFreq
</UL>
<BR>[Calls]<UL><LI><a href="#[4d]">&gt;&gt;</a>&nbsp;&nbsp;&nbsp;Clk_GetHClkFreq
</UL>
<BR>[Called By]<UL><LI><a href="#[56]">&gt;&gt;</a>&nbsp;&nbsp;&nbsp;App_UartInit
</UL>

<P><STRONG><a name="[66]"></a>Clk_Init</STRONG> (Thumb, 26 bytes, Stack size 8 bytes, clk_1.o(i.Clk_Init))
<BR><BR>[Stack]<UL><LI>Max Depth = 56<LI>Call Chain = Clk_Init &rArr; Clk_SwitchTo &rArr; Clk_Enable
</UL>
<BR>[Calls]<UL><LI><a href="#[4a]">&gt;&gt;</a>&nbsp;&nbsp;&nbsp;Clk_SwitchTo
<LI><a href="#[68]">&gt;&gt;</a>&nbsp;&nbsp;&nbsp;Clk_SetPClkDiv
<LI><a href="#[67]">&gt;&gt;</a>&nbsp;&nbsp;&nbsp;Clk_SetHClkDiv
</UL>
<BR>[Called By]<UL><LI><a href="#[a7]">&gt;&gt;</a>&nbsp;&nbsp;&nbsp;timer0_Init
</UL>

<P><STRONG><a name="[67]"></a>Clk_SetHClkDiv</STRONG> (Thumb, 76 bytes, Stack size 8 bytes, clk_1.o(i.Clk_SetHClkDiv))
<BR><BR>[Stack]<UL><LI>Max Depth = 8<LI>Call Chain = Clk_SetHClkDiv
</UL>
<BR>[Calls]<UL><LI><a href="#[69]">&gt;&gt;</a>&nbsp;&nbsp;&nbsp;Log2
<LI><a href="#[64]">&gt;&gt;</a>&nbsp;&nbsp;&nbsp;ClkUnlock
</UL>
<BR>[Called By]<UL><LI><a href="#[66]">&gt;&gt;</a>&nbsp;&nbsp;&nbsp;Clk_Init
</UL>

<P><STRONG><a name="[68]"></a>Clk_SetPClkDiv</STRONG> (Thumb, 56 bytes, Stack size 8 bytes, clk_1.o(i.Clk_SetPClkDiv))
<BR><BR>[Stack]<UL><LI>Max Depth = 8<LI>Call Chain = Clk_SetPClkDiv
</UL>
<BR>[Calls]<UL><LI><a href="#[69]">&gt;&gt;</a>&nbsp;&nbsp;&nbsp;Log2
<LI><a href="#[64]">&gt;&gt;</a>&nbsp;&nbsp;&nbsp;ClkUnlock
</UL>
<BR>[Called By]<UL><LI><a href="#[66]">&gt;&gt;</a>&nbsp;&nbsp;&nbsp;Clk_Init
</UL>

<P><STRONG><a name="[59]"></a>Clk_SetPeripheralGate</STRONG> (Thumb, 38 bytes, Stack size 8 bytes, clk_1.o(i.Clk_SetPeripheralGate))
<BR><BR>[Stack]<UL><LI>Max Depth = 8<LI>Call Chain = Clk_SetPeripheralGate
</UL>
<BR>[Called By]<UL><LI><a href="#[a7]">&gt;&gt;</a>&nbsp;&nbsp;&nbsp;timer0_Init
<LI><a href="#[56]">&gt;&gt;</a>&nbsp;&nbsp;&nbsp;App_UartInit
<LI><a href="#[a4]">&gt;&gt;</a>&nbsp;&nbsp;&nbsp;wdog_init
</UL>

<P><STRONG><a name="[4b]"></a>Clk_SetRCHFreq</STRONG> (Thumb, 64 bytes, Stack size 8 bytes, clk_1.o(i.Clk_SetRCHFreq))
<BR><BR>[Stack]<UL><LI>Max Depth = 16<LI>Call Chain = Clk_SetRCHFreq &rArr; __ARM_common_switch8
</UL>
<BR>[Calls]<UL><LI><a href="#[6a]">&gt;&gt;</a>&nbsp;&nbsp;&nbsp;__ARM_common_switch8
</UL>
<BR>[Called By]<UL><LI><a href="#[49]">&gt;&gt;</a>&nbsp;&nbsp;&nbsp;App_ClkInit
<LI><a href="#[2b]">&gt;&gt;</a>&nbsp;&nbsp;&nbsp;SystemInit
</UL>

<P><STRONG><a name="[4c]"></a>Clk_SetRCLFreq</STRONG> (Thumb, 42 bytes, Stack size 0 bytes, clk_1.o(i.Clk_SetRCLFreq))
<BR><BR>[Called By]<UL><LI><a href="#[49]">&gt;&gt;</a>&nbsp;&nbsp;&nbsp;App_ClkInit
</UL>

<P><STRONG><a name="[6d]"></a>Clk_SetRCL_StableTime</STRONG> (Thumb, 68 bytes, Stack size 0 bytes, clk_1.o(i.Clk_SetRCL_StableTime))
<BR><BR>[Called By]<UL><LI><a href="#[4a]">&gt;&gt;</a>&nbsp;&nbsp;&nbsp;Clk_SwitchTo
</UL>

<P><STRONG><a name="[6b]"></a>Clk_SetSource</STRONG> (Thumb, 54 bytes, Stack size 16 bytes, clk_1.o(i.Clk_SetSource))
<BR><BR>[Stack]<UL><LI>Max Depth = 16<LI>Call Chain = Clk_SetSource
</UL>
<BR>[Calls]<UL><LI><a href="#[65]">&gt;&gt;</a>&nbsp;&nbsp;&nbsp;ClkWriteDummy
<LI><a href="#[64]">&gt;&gt;</a>&nbsp;&nbsp;&nbsp;ClkUnlock
</UL>
<BR>[Called By]<UL><LI><a href="#[4a]">&gt;&gt;</a>&nbsp;&nbsp;&nbsp;Clk_SwitchTo
</UL>

<P><STRONG><a name="[6c]"></a>Clk_SetXTH_StableTime</STRONG> (Thumb, 58 bytes, Stack size 0 bytes, clk_1.o(i.Clk_SetXTH_StableTime))
<BR><BR>[Called By]<UL><LI><a href="#[4a]">&gt;&gt;</a>&nbsp;&nbsp;&nbsp;Clk_SwitchTo
</UL>

<P><STRONG><a name="[6e]"></a>Clk_SetXTL_StableTime</STRONG> (Thumb, 58 bytes, Stack size 0 bytes, clk_1.o(i.Clk_SetXTL_StableTime))
<BR><BR>[Called By]<UL><LI><a href="#[4a]">&gt;&gt;</a>&nbsp;&nbsp;&nbsp;Clk_SwitchTo
</UL>

<P><STRONG><a name="[4a]"></a>Clk_SwitchTo</STRONG> (Thumb, 130 bytes, Stack size 24 bytes, clk_1.o(i.Clk_SwitchTo))
<BR><BR>[Stack]<UL><LI>Max Depth = 48<LI>Call Chain = Clk_SwitchTo &rArr; Clk_Enable
</UL>
<BR>[Calls]<UL><LI><a href="#[63]">&gt;&gt;</a>&nbsp;&nbsp;&nbsp;Clk_Enable
<LI><a href="#[70]">&gt;&gt;</a>&nbsp;&nbsp;&nbsp;SystemCoreClockUpdate
<LI><a href="#[6e]">&gt;&gt;</a>&nbsp;&nbsp;&nbsp;Clk_SetXTL_StableTime
<LI><a href="#[6c]">&gt;&gt;</a>&nbsp;&nbsp;&nbsp;Clk_SetXTH_StableTime
<LI><a href="#[6b]">&gt;&gt;</a>&nbsp;&nbsp;&nbsp;Clk_SetSource
<LI><a href="#[6d]">&gt;&gt;</a>&nbsp;&nbsp;&nbsp;Clk_SetRCL_StableTime
<LI><a href="#[6f]">&gt;&gt;</a>&nbsp;&nbsp;&nbsp;Clk_GetClkRdy
</UL>
<BR>[Called By]<UL><LI><a href="#[66]">&gt;&gt;</a>&nbsp;&nbsp;&nbsp;Clk_Init
<LI><a href="#[49]">&gt;&gt;</a>&nbsp;&nbsp;&nbsp;App_ClkInit
</UL>

<P><STRONG><a name="[8f]"></a>Clk_SysTickConfig</STRONG> (Thumb, 126 bytes, Stack size 0 bytes, clk_1.o(i.Clk_SysTickConfig))
<BR><BR>[Called By]<UL><LI><a href="#[2b]">&gt;&gt;</a>&nbsp;&nbsp;&nbsp;SystemInit
</UL>

<P><STRONG><a name="[33]"></a>EfRam_IRQHandler</STRONG> (Thumb, 6 bytes, Stack size 0 bytes, flash_1.o(i.EfRam_IRQHandler))
<BR><BR>[Called By]<UL><LI><a href="#[29]">&gt;&gt;</a>&nbsp;&nbsp;&nbsp;IRQ030_Handler
</UL>

<P><STRONG><a name="[52]"></a>EnableNvic</STRONG> (Thumb, 112 bytes, Stack size 16 bytes, interrupts_hc32l110_1.o(i.EnableNvic))
<BR><BR>[Stack]<UL><LI>Max Depth = 16<LI>Call Chain = EnableNvic
</UL>
<BR>[Called By]<UL><LI><a href="#[4e]">&gt;&gt;</a>&nbsp;&nbsp;&nbsp;App_Timer0Cfg
<LI><a href="#[90]">&gt;&gt;</a>&nbsp;&nbsp;&nbsp;TG_Init
<LI><a href="#[a0]">&gt;&gt;</a>&nbsp;&nbsp;&nbsp;Wdt_Init
</UL>

<P><STRONG><a name="[2f]"></a>ErrIntCallback</STRONG> (Thumb, 2 bytes, Stack size 0 bytes, usart.o(i.ErrIntCallback))
<BR>[Address Reference Count : 1]<UL><LI> usart.o(i.App_UartInit)
</UL>
<P><STRONG><a name="[87]"></a>GetCheckHe</STRONG> (Thumb, 26 bytes, Stack size 8 bytes, sys.o(i.GetCheckHe))
<BR><BR>[Stack]<UL><LI>Max Depth = 8<LI>Call Chain = GetCheckHe
</UL>
<BR>[Called By]<UL><LI><a href="#[86]">&gt;&gt;</a>&nbsp;&nbsp;&nbsp;RcuData_rev
</UL>

<P><STRONG><a name="[8d]"></a>GetRelaybuf11</STRONG> (Thumb, 56 bytes, Stack size 20 bytes, relayapp.o(i.GetRelaybuf11))
<BR><BR>[Stack]<UL><LI>Max Depth = 20<LI>Call Chain = GetRelaybuf11
</UL>
<BR>[Called By]<UL><LI><a href="#[8a]">&gt;&gt;</a>&nbsp;&nbsp;&nbsp;Relay_sub
</UL>

<P><STRONG><a name="[71]"></a>Get_MyMac</STRONG> (Thumb, 46 bytes, Stack size 8 bytes, key.o(i.Get_MyMac))
<BR><BR>[Stack]<UL><LI>Max Depth = 8<LI>Call Chain = Get_MyMac
</UL>
<BR>[Calls]<UL><LI><a href="#[72]">&gt;&gt;</a>&nbsp;&nbsp;&nbsp;Gpio_GetIO
</UL>
<BR>[Called By]<UL><LI><a href="#[a3]">&gt;&gt;</a>&nbsp;&nbsp;&nbsp;init
</UL>

<P><STRONG><a name="[91]"></a>Gpio_ClearIrq</STRONG> (Thumb, 20 bytes, Stack size 0 bytes, gpio_1.o(i.Gpio_ClearIrq))
<BR><BR>[Called By]<UL><LI><a href="#[90]">&gt;&gt;</a>&nbsp;&nbsp;&nbsp;TG_Init
</UL>

<P><STRONG><a name="[73]"></a>Gpio_EnableIrq</STRONG> (Thumb, 12 bytes, Stack size 4 bytes, gpio_1.o(i.Gpio_EnableIrq))
<BR><BR>[Stack]<UL><LI>Max Depth = 20<LI>Call Chain = Gpio_EnableIrq &rArr; _GpioEnableIrq
</UL>
<BR>[Calls]<UL><LI><a href="#[74]">&gt;&gt;</a>&nbsp;&nbsp;&nbsp;_GpioEnableIrq
</UL>
<BR>[Called By]<UL><LI><a href="#[90]">&gt;&gt;</a>&nbsp;&nbsp;&nbsp;TG_Init
</UL>

<P><STRONG><a name="[72]"></a>Gpio_GetIO</STRONG> (Thumb, 16 bytes, Stack size 0 bytes, gpio_1.o(i.Gpio_GetIO))
<BR><BR>[Called By]<UL><LI><a href="#[a9]">&gt;&gt;</a>&nbsp;&nbsp;&nbsp;led_shan_sub
<LI><a href="#[71]">&gt;&gt;</a>&nbsp;&nbsp;&nbsp;Get_MyMac
</UL>

<P><STRONG><a name="[32]"></a>Gpio_IRQHandler</STRONG> (Thumb, 22 bytes, Stack size 8 bytes, tg.o(i.Gpio_IRQHandler))
<BR><BR>[Stack]<UL><LI>Max Depth = 40<LI>Call Chain = Gpio_IRQHandler &rArr; TG_ZeroEX &rArr; delay_us
</UL>
<BR>[Calls]<UL><LI><a href="#[76]">&gt;&gt;</a>&nbsp;&nbsp;&nbsp;ZeroEX
<LI><a href="#[75]">&gt;&gt;</a>&nbsp;&nbsp;&nbsp;TG_ZeroEX
</UL>
<BR>[Called By]<UL><LI><a href="#[e]">&gt;&gt;</a>&nbsp;&nbsp;&nbsp;IRQ003_Handler
<LI><a href="#[d]">&gt;&gt;</a>&nbsp;&nbsp;&nbsp;IRQ002_Handler
<LI><a href="#[c]">&gt;&gt;</a>&nbsp;&nbsp;&nbsp;IRQ001_Handler
<LI><a href="#[b]">&gt;&gt;</a>&nbsp;&nbsp;&nbsp;IRQ000_Handler
</UL>

<P><STRONG><a name="[58]"></a>Gpio_InitIOExt</STRONG> (Thumb, 132 bytes, Stack size 20 bytes, gpio_1.o(i.Gpio_InitIOExt))
<BR><BR>[Stack]<UL><LI>Max Depth = 28<LI>Call Chain = Gpio_InitIOExt &rArr; Gpio_SetAnalog
</UL>
<BR>[Calls]<UL><LI><a href="#[77]">&gt;&gt;</a>&nbsp;&nbsp;&nbsp;Gpio_SetAnalog
</UL>
<BR>[Called By]<UL><LI><a href="#[90]">&gt;&gt;</a>&nbsp;&nbsp;&nbsp;TG_Init
<LI><a href="#[56]">&gt;&gt;</a>&nbsp;&nbsp;&nbsp;App_UartInit
<LI><a href="#[84]">&gt;&gt;</a>&nbsp;&nbsp;&nbsp;io_init
</UL>

<P><STRONG><a name="[77]"></a>Gpio_SetAnalog</STRONG> (Thumb, 30 bytes, Stack size 8 bytes, gpio_1.o(i.Gpio_SetAnalog))
<BR><BR>[Stack]<UL><LI>Max Depth = 8<LI>Call Chain = Gpio_SetAnalog
</UL>
<BR>[Called By]<UL><LI><a href="#[58]">&gt;&gt;</a>&nbsp;&nbsp;&nbsp;Gpio_InitIOExt
</UL>

<P><STRONG><a name="[93]"></a>Gpio_SetIO</STRONG> (Thumb, 38 bytes, Stack size 8 bytes, gpio_1.o(i.Gpio_SetIO))
<BR><BR>[Stack]<UL><LI>Max Depth = 8<LI>Call Chain = Gpio_SetIO
</UL>
<BR>[Called By]<UL><LI><a href="#[75]">&gt;&gt;</a>&nbsp;&nbsp;&nbsp;TG_ZeroEX
<LI><a href="#[61]">&gt;&gt;</a>&nbsp;&nbsp;&nbsp;TG_TimOVR
<LI><a href="#[a5]">&gt;&gt;</a>&nbsp;&nbsp;&nbsp;uart1_init
<LI><a href="#[a9]">&gt;&gt;</a>&nbsp;&nbsp;&nbsp;led_shan_sub
<LI><a href="#[a2]">&gt;&gt;</a>&nbsp;&nbsp;&nbsp;led_set
<LI><a href="#[8c]">&gt;&gt;</a>&nbsp;&nbsp;&nbsp;h595d_write
</UL>

<P><STRONG><a name="[7]"></a>HardFault_Handler</STRONG> (Thumb, 12 bytes, Stack size 8 bytes, interrupts_hc32l110_1.o(i.HardFault_Handler))
<BR><BR>[Stack]<UL><LI>Max Depth = 8<LI>Call Chain = HardFault_Handler
</UL>
<BR>[Address Reference Count : 1]<UL><LI> startup_hc32l110.o(RESET)
</UL>
<P><STRONG><a name="[b]"></a>IRQ000_Handler</STRONG> (Thumb, 10 bytes, Stack size 8 bytes, interrupts_hc32l110_1.o(i.IRQ000_Handler))
<BR><BR>[Stack]<UL><LI>Max Depth = 48<LI>Call Chain = IRQ000_Handler &rArr; Gpio_IRQHandler &rArr; TG_ZeroEX &rArr; delay_us
</UL>
<BR>[Calls]<UL><LI><a href="#[32]">&gt;&gt;</a>&nbsp;&nbsp;&nbsp;Gpio_IRQHandler
</UL>
<BR>[Address Reference Count : 1]<UL><LI> startup_hc32l110.o(RESET)
</UL>
<P><STRONG><a name="[c]"></a>IRQ001_Handler</STRONG> (Thumb, 10 bytes, Stack size 8 bytes, interrupts_hc32l110_1.o(i.IRQ001_Handler))
<BR><BR>[Stack]<UL><LI>Max Depth = 48<LI>Call Chain = IRQ001_Handler &rArr; Gpio_IRQHandler &rArr; TG_ZeroEX &rArr; delay_us
</UL>
<BR>[Calls]<UL><LI><a href="#[32]">&gt;&gt;</a>&nbsp;&nbsp;&nbsp;Gpio_IRQHandler
</UL>
<BR>[Address Reference Count : 1]<UL><LI> startup_hc32l110.o(RESET)
</UL>
<P><STRONG><a name="[d]"></a>IRQ002_Handler</STRONG> (Thumb, 10 bytes, Stack size 8 bytes, interrupts_hc32l110_1.o(i.IRQ002_Handler))
<BR><BR>[Stack]<UL><LI>Max Depth = 48<LI>Call Chain = IRQ002_Handler &rArr; Gpio_IRQHandler &rArr; TG_ZeroEX &rArr; delay_us
</UL>
<BR>[Calls]<UL><LI><a href="#[32]">&gt;&gt;</a>&nbsp;&nbsp;&nbsp;Gpio_IRQHandler
</UL>
<BR>[Address Reference Count : 1]<UL><LI> startup_hc32l110.o(RESET)
</UL>
<P><STRONG><a name="[e]"></a>IRQ003_Handler</STRONG> (Thumb, 10 bytes, Stack size 8 bytes, interrupts_hc32l110_1.o(i.IRQ003_Handler))
<BR><BR>[Stack]<UL><LI>Max Depth = 48<LI>Call Chain = IRQ003_Handler &rArr; Gpio_IRQHandler &rArr; TG_ZeroEX &rArr; delay_us
</UL>
<BR>[Calls]<UL><LI><a href="#[32]">&gt;&gt;</a>&nbsp;&nbsp;&nbsp;Gpio_IRQHandler
</UL>
<BR>[Address Reference Count : 1]<UL><LI> startup_hc32l110.o(RESET)
</UL>
<P><STRONG><a name="[11]"></a>IRQ006_Handler</STRONG> (Thumb, 10 bytes, Stack size 8 bytes, interrupts_hc32l110_1.o(i.IRQ006_Handler))
<BR><BR>[Stack]<UL><LI>Max Depth = 40<LI>Call Chain = IRQ006_Handler &rArr; Uart_IRQHandler &rArr; Uart_ClrStatus &rArr; UartGetInternDataPtr
</UL>
<BR>[Calls]<UL><LI><a href="#[35]">&gt;&gt;</a>&nbsp;&nbsp;&nbsp;Uart_IRQHandler
</UL>
<BR>[Address Reference Count : 1]<UL><LI> startup_hc32l110.o(RESET)
</UL>
<P><STRONG><a name="[12]"></a>IRQ007_Handler</STRONG> (Thumb, 10 bytes, Stack size 8 bytes, interrupts_hc32l110_1.o(i.IRQ007_Handler))
<BR><BR>[Stack]<UL><LI>Max Depth = 40<LI>Call Chain = IRQ007_Handler &rArr; Uart_IRQHandler &rArr; Uart_ClrStatus &rArr; UartGetInternDataPtr
</UL>
<BR>[Calls]<UL><LI><a href="#[35]">&gt;&gt;</a>&nbsp;&nbsp;&nbsp;Uart_IRQHandler
</UL>
<BR>[Address Reference Count : 1]<UL><LI> startup_hc32l110.o(RESET)
</UL>
<P><STRONG><a name="[13]"></a>IRQ008_Handler</STRONG> (Thumb, 10 bytes, Stack size 8 bytes, interrupts_hc32l110_1.o(i.IRQ008_Handler))
<BR><BR>[Stack]<UL><LI>Max Depth = 8<LI>Call Chain = IRQ008_Handler
</UL>
<BR>[Calls]<UL><LI><a href="#[78]">&gt;&gt;</a>&nbsp;&nbsp;&nbsp;LpUart_IRQHandler (Weak Reference)
</UL>
<BR>[Address Reference Count : 1]<UL><LI> startup_hc32l110.o(RESET)
</UL>
<P><STRONG><a name="[15]"></a>IRQ010_Handler</STRONG> (Thumb, 10 bytes, Stack size 8 bytes, interrupts_hc32l110_1.o(i.IRQ010_Handler))
<BR><BR>[Stack]<UL><LI>Max Depth = 8<LI>Call Chain = IRQ010_Handler
</UL>
<BR>[Calls]<UL><LI><a href="#[79]">&gt;&gt;</a>&nbsp;&nbsp;&nbsp;Spi_IRQHandler (Weak Reference)
</UL>
<BR>[Address Reference Count : 1]<UL><LI> startup_hc32l110.o(RESET)
</UL>
<P><STRONG><a name="[17]"></a>IRQ012_Handler</STRONG> (Thumb, 10 bytes, Stack size 8 bytes, interrupts_hc32l110_1.o(i.IRQ012_Handler))
<BR><BR>[Stack]<UL><LI>Max Depth = 8<LI>Call Chain = IRQ012_Handler
</UL>
<BR>[Calls]<UL><LI><a href="#[7a]">&gt;&gt;</a>&nbsp;&nbsp;&nbsp;I2c_IRQHandler (Weak Reference)
</UL>
<BR>[Address Reference Count : 1]<UL><LI> startup_hc32l110.o(RESET)
</UL>
<P><STRONG><a name="[19]"></a>IRQ014_Handler</STRONG> (Thumb, 10 bytes, Stack size 8 bytes, interrupts_hc32l110_1.o(i.IRQ014_Handler))
<BR><BR>[Stack]<UL><LI>Max Depth = 8<LI>Call Chain = IRQ014_Handler
</UL>
<BR>[Calls]<UL><LI><a href="#[34]">&gt;&gt;</a>&nbsp;&nbsp;&nbsp;Tim_IRQHandler
</UL>
<BR>[Address Reference Count : 1]<UL><LI> startup_hc32l110.o(RESET)
</UL>
<P><STRONG><a name="[1a]"></a>IRQ015_Handler</STRONG> (Thumb, 10 bytes, Stack size 8 bytes, interrupts_hc32l110_1.o(i.IRQ015_Handler))
<BR><BR>[Stack]<UL><LI>Max Depth = 8<LI>Call Chain = IRQ015_Handler
</UL>
<BR>[Calls]<UL><LI><a href="#[34]">&gt;&gt;</a>&nbsp;&nbsp;&nbsp;Tim_IRQHandler
</UL>
<BR>[Address Reference Count : 1]<UL><LI> startup_hc32l110.o(RESET)
</UL>
<P><STRONG><a name="[1b]"></a>IRQ016_Handler</STRONG> (Thumb, 10 bytes, Stack size 8 bytes, interrupts_hc32l110_1.o(i.IRQ016_Handler))
<BR><BR>[Stack]<UL><LI>Max Depth = 8<LI>Call Chain = IRQ016_Handler
</UL>
<BR>[Calls]<UL><LI><a href="#[34]">&gt;&gt;</a>&nbsp;&nbsp;&nbsp;Tim_IRQHandler
</UL>
<BR>[Address Reference Count : 1]<UL><LI> startup_hc32l110.o(RESET)
</UL>
<P><STRONG><a name="[1c]"></a>IRQ017_Handler</STRONG> (Thumb, 10 bytes, Stack size 8 bytes, interrupts_hc32l110_1.o(i.IRQ017_Handler))
<BR><BR>[Stack]<UL><LI>Max Depth = 8<LI>Call Chain = IRQ017_Handler
</UL>
<BR>[Calls]<UL><LI><a href="#[7b]">&gt;&gt;</a>&nbsp;&nbsp;&nbsp;LpTim_IRQHandler (Weak Reference)
</UL>
<BR>[Address Reference Count : 1]<UL><LI> startup_hc32l110.o(RESET)
</UL>
<P><STRONG><a name="[1d]"></a>IRQ018_Handler</STRONG> (Thumb, 10 bytes, Stack size 8 bytes, interrupts_hc32l110_1.o(i.IRQ018_Handler))
<BR><BR>[Stack]<UL><LI>Max Depth = 8<LI>Call Chain = IRQ018_Handler
</UL>
<BR>[Calls]<UL><LI><a href="#[7c]">&gt;&gt;</a>&nbsp;&nbsp;&nbsp;Adt_IRQHandler (Weak Reference)
</UL>
<BR>[Address Reference Count : 1]<UL><LI> startup_hc32l110.o(RESET)
</UL>
<P><STRONG><a name="[1e]"></a>IRQ019_Handler</STRONG> (Thumb, 10 bytes, Stack size 8 bytes, interrupts_hc32l110_1.o(i.IRQ019_Handler))
<BR><BR>[Stack]<UL><LI>Max Depth = 8<LI>Call Chain = IRQ019_Handler
</UL>
<BR>[Calls]<UL><LI><a href="#[7c]">&gt;&gt;</a>&nbsp;&nbsp;&nbsp;Adt_IRQHandler (Weak Reference)
</UL>
<BR>[Address Reference Count : 1]<UL><LI> startup_hc32l110.o(RESET)
</UL>
<P><STRONG><a name="[1f]"></a>IRQ020_Handler</STRONG> (Thumb, 10 bytes, Stack size 8 bytes, interrupts_hc32l110_1.o(i.IRQ020_Handler))
<BR><BR>[Stack]<UL><LI>Max Depth = 8<LI>Call Chain = IRQ020_Handler
</UL>
<BR>[Calls]<UL><LI><a href="#[7c]">&gt;&gt;</a>&nbsp;&nbsp;&nbsp;Adt_IRQHandler (Weak Reference)
</UL>
<BR>[Address Reference Count : 1]<UL><LI> startup_hc32l110.o(RESET)
</UL>
<P><STRONG><a name="[20]"></a>IRQ021_Handler</STRONG> (Thumb, 10 bytes, Stack size 8 bytes, interrupts_hc32l110_1.o(i.IRQ021_Handler))
<BR><BR>[Stack]<UL><LI>Max Depth = 8<LI>Call Chain = IRQ021_Handler
</UL>
<BR>[Calls]<UL><LI><a href="#[7d]">&gt;&gt;</a>&nbsp;&nbsp;&nbsp;Pca_IRQHandler (Weak Reference)
</UL>
<BR>[Address Reference Count : 1]<UL><LI> startup_hc32l110.o(RESET)
</UL>
<P><STRONG><a name="[21]"></a>IRQ022_Handler</STRONG> (Thumb, 10 bytes, Stack size 8 bytes, interrupts_hc32l110_1.o(i.IRQ022_Handler))
<BR><BR>[Stack]<UL><LI>Max Depth = 16<LI>Call Chain = IRQ022_Handler &rArr; Wdt_IRQHandler
</UL>
<BR>[Calls]<UL><LI><a href="#[36]">&gt;&gt;</a>&nbsp;&nbsp;&nbsp;Wdt_IRQHandler
</UL>
<BR>[Address Reference Count : 1]<UL><LI> startup_hc32l110.o(RESET)
</UL>
<P><STRONG><a name="[22]"></a>IRQ023_Handler</STRONG> (Thumb, 10 bytes, Stack size 8 bytes, interrupts_hc32l110_1.o(i.IRQ023_Handler))
<BR><BR>[Stack]<UL><LI>Max Depth = 8<LI>Call Chain = IRQ023_Handler
</UL>
<BR>[Calls]<UL><LI><a href="#[7e]">&gt;&gt;</a>&nbsp;&nbsp;&nbsp;Rtc_IRQHandler (Weak Reference)
</UL>
<BR>[Address Reference Count : 1]<UL><LI> startup_hc32l110.o(RESET)
</UL>
<P><STRONG><a name="[23]"></a>IRQ024_Handler</STRONG> (Thumb, 10 bytes, Stack size 8 bytes, interrupts_hc32l110_1.o(i.IRQ024_Handler))
<BR><BR>[Stack]<UL><LI>Max Depth = 8<LI>Call Chain = IRQ024_Handler
</UL>
<BR>[Calls]<UL><LI><a href="#[7f]">&gt;&gt;</a>&nbsp;&nbsp;&nbsp;Adc_IRQHandler (Weak Reference)
</UL>
<BR>[Address Reference Count : 1]<UL><LI> startup_hc32l110.o(RESET)
</UL>
<P><STRONG><a name="[25]"></a>IRQ026_Handler</STRONG> (Thumb, 10 bytes, Stack size 8 bytes, interrupts_hc32l110_1.o(i.IRQ026_Handler))
<BR><BR>[Stack]<UL><LI>Max Depth = 8<LI>Call Chain = IRQ026_Handler
</UL>
<BR>[Calls]<UL><LI><a href="#[80]">&gt;&gt;</a>&nbsp;&nbsp;&nbsp;Vc_IRQHandler (Weak Reference)
</UL>
<BR>[Address Reference Count : 1]<UL><LI> startup_hc32l110.o(RESET)
</UL>
<P><STRONG><a name="[26]"></a>IRQ027_Handler</STRONG> (Thumb, 10 bytes, Stack size 8 bytes, interrupts_hc32l110_1.o(i.IRQ027_Handler))
<BR><BR>[Stack]<UL><LI>Max Depth = 8<LI>Call Chain = IRQ027_Handler
</UL>
<BR>[Calls]<UL><LI><a href="#[80]">&gt;&gt;</a>&nbsp;&nbsp;&nbsp;Vc_IRQHandler (Weak Reference)
</UL>
<BR>[Address Reference Count : 1]<UL><LI> startup_hc32l110.o(RESET)
</UL>
<P><STRONG><a name="[27]"></a>IRQ028_Handler</STRONG> (Thumb, 10 bytes, Stack size 8 bytes, interrupts_hc32l110_1.o(i.IRQ028_Handler))
<BR><BR>[Stack]<UL><LI>Max Depth = 8<LI>Call Chain = IRQ028_Handler
</UL>
<BR>[Calls]<UL><LI><a href="#[81]">&gt;&gt;</a>&nbsp;&nbsp;&nbsp;Lvd_IRQHandler (Weak Reference)
</UL>
<BR>[Address Reference Count : 1]<UL><LI> startup_hc32l110.o(RESET)
</UL>
<P><STRONG><a name="[29]"></a>IRQ030_Handler</STRONG> (Thumb, 10 bytes, Stack size 8 bytes, interrupts_hc32l110_1.o(i.IRQ030_Handler))
<BR><BR>[Stack]<UL><LI>Max Depth = 8<LI>Call Chain = IRQ030_Handler
</UL>
<BR>[Calls]<UL><LI><a href="#[33]">&gt;&gt;</a>&nbsp;&nbsp;&nbsp;EfRam_IRQHandler
</UL>
<BR>[Address Reference Count : 1]<UL><LI> startup_hc32l110.o(RESET)
</UL>
<P><STRONG><a name="[2a]"></a>IRQ031_Handler</STRONG> (Thumb, 10 bytes, Stack size 8 bytes, interrupts_hc32l110_1.o(i.IRQ031_Handler))
<BR><BR>[Stack]<UL><LI>Max Depth = 8<LI>Call Chain = IRQ031_Handler
</UL>
<BR>[Calls]<UL><LI><a href="#[82]">&gt;&gt;</a>&nbsp;&nbsp;&nbsp;ClkTrim_IRQHandler (Weak Reference)
</UL>
<BR>[Address Reference Count : 1]<UL><LI> startup_hc32l110.o(RESET)
</UL>
<P><STRONG><a name="[83]"></a>LED_Init</STRONG> (Thumb, 18 bytes, Stack size 8 bytes, led.o(i.LED_Init))
<BR><BR>[Stack]<UL><LI>Max Depth = 68<LI>Call Chain = LED_Init &rArr; h595d_init &rArr; io_init &rArr; Gpio_InitIOExt &rArr; Gpio_SetAnalog
</UL>
<BR>[Calls]<UL><LI><a href="#[85]">&gt;&gt;</a>&nbsp;&nbsp;&nbsp;h595d_init
<LI><a href="#[84]">&gt;&gt;</a>&nbsp;&nbsp;&nbsp;io_init
</UL>
<BR>[Called By]<UL><LI><a href="#[a3]">&gt;&gt;</a>&nbsp;&nbsp;&nbsp;init
</UL>

<P><STRONG><a name="[69]"></a>Log2</STRONG> (Thumb, 20 bytes, Stack size 0 bytes, ddl_1.o(i.Log2))
<BR><BR>[Called By]<UL><LI><a href="#[68]">&gt;&gt;</a>&nbsp;&nbsp;&nbsp;Clk_SetPClkDiv
<LI><a href="#[67]">&gt;&gt;</a>&nbsp;&nbsp;&nbsp;Clk_SetHClkDiv
</UL>

<P><STRONG><a name="[86]"></a>RcuData_rev</STRONG> (Thumb, 390 bytes, Stack size 24 bytes, relayapp.o(i.RcuData_rev))
<BR><BR>[Stack]<UL><LI>Max Depth = 36<LI>Call Chain = RcuData_rev &rArr; crc_chk_value
</UL>
<BR>[Calls]<UL><LI><a href="#[89]">&gt;&gt;</a>&nbsp;&nbsp;&nbsp;crc_chk_value
<LI><a href="#[87]">&gt;&gt;</a>&nbsp;&nbsp;&nbsp;GetCheckHe
<LI><a href="#[88]">&gt;&gt;</a>&nbsp;&nbsp;&nbsp;led_shan
</UL>
<BR>[Called By]<UL><LI><a href="#[98]">&gt;&gt;</a>&nbsp;&nbsp;&nbsp;UART1_ReadBoxSUB
</UL>

<P><STRONG><a name="[8a]"></a>Relay_sub</STRONG> (Thumb, 390 bytes, Stack size 40 bytes, relayapp.o(i.Relay_sub))
<BR><BR>[Stack]<UL><LI>Max Depth = 96<LI>Call Chain = Relay_sub &rArr; h595d_write &rArr; delay_us
</UL>
<BR>[Calls]<UL><LI><a href="#[8b]">&gt;&gt;</a>&nbsp;&nbsp;&nbsp;relay_closeA_SBuf
<LI><a href="#[8c]">&gt;&gt;</a>&nbsp;&nbsp;&nbsp;h595d_write
<LI><a href="#[8d]">&gt;&gt;</a>&nbsp;&nbsp;&nbsp;GetRelaybuf11
</UL>
<BR>[Called By]<UL><LI><a href="#[a8]">&gt;&gt;</a>&nbsp;&nbsp;&nbsp;jishu_sub
<LI><a href="#[92]">&gt;&gt;</a>&nbsp;&nbsp;&nbsp;ZeroDelay
</UL>

<P><STRONG><a name="[2e]"></a>RxIntCallback</STRONG> (Thumb, 16 bytes, Stack size 4 bytes, usart.o(i.RxIntCallback))
<BR><BR>[Stack]<UL><LI>Max Depth = 12<LI>Call Chain = RxIntCallback &rArr; UART1_R_Interr
</UL>
<BR>[Calls]<UL><LI><a href="#[8e]">&gt;&gt;</a>&nbsp;&nbsp;&nbsp;UART1_R_Interr
</UL>
<BR>[Address Reference Count : 1]<UL><LI> usart.o(i.App_UartInit)
</UL>
<P><STRONG><a name="[70]"></a>SystemCoreClockUpdate</STRONG> (Thumb, 12 bytes, Stack size 8 bytes, system_hc32l110.o(i.SystemCoreClockUpdate))
<BR><BR>[Stack]<UL><LI>Max Depth = 24<LI>Call Chain = SystemCoreClockUpdate &rArr; Clk_GetHClkFreq
</UL>
<BR>[Calls]<UL><LI><a href="#[4d]">&gt;&gt;</a>&nbsp;&nbsp;&nbsp;Clk_GetHClkFreq
</UL>
<BR>[Called By]<UL><LI><a href="#[4a]">&gt;&gt;</a>&nbsp;&nbsp;&nbsp;Clk_SwitchTo
<LI><a href="#[2b]">&gt;&gt;</a>&nbsp;&nbsp;&nbsp;SystemInit
</UL>

<P><STRONG><a name="[2b]"></a>SystemInit</STRONG> (Thumb, 46 bytes, Stack size 16 bytes, system_hc32l110.o(i.SystemInit))
<BR><BR>[Stack]<UL><LI>Max Depth = 40<LI>Call Chain = SystemInit &rArr; Clk_Enable
</UL>
<BR>[Calls]<UL><LI><a href="#[57]">&gt;&gt;</a>&nbsp;&nbsp;&nbsp;ddl_memclr
<LI><a href="#[8f]">&gt;&gt;</a>&nbsp;&nbsp;&nbsp;Clk_SysTickConfig
<LI><a href="#[4b]">&gt;&gt;</a>&nbsp;&nbsp;&nbsp;Clk_SetRCHFreq
<LI><a href="#[63]">&gt;&gt;</a>&nbsp;&nbsp;&nbsp;Clk_Enable
<LI><a href="#[70]">&gt;&gt;</a>&nbsp;&nbsp;&nbsp;SystemCoreClockUpdate
</UL>
<BR>[Address Reference Count : 1]<UL><LI> startup_hc32l110.o(.text)
</UL>
<P><STRONG><a name="[90]"></a>TG_Init</STRONG> (Thumb, 90 bytes, Stack size 24 bytes, tg.o(i.TG_Init))
<BR><BR>[Stack]<UL><LI>Max Depth = 76<LI>Call Chain = TG_Init &rArr; io_init &rArr; Gpio_InitIOExt &rArr; Gpio_SetAnalog
</UL>
<BR>[Calls]<UL><LI><a href="#[73]">&gt;&gt;</a>&nbsp;&nbsp;&nbsp;Gpio_EnableIrq
<LI><a href="#[91]">&gt;&gt;</a>&nbsp;&nbsp;&nbsp;Gpio_ClearIrq
<LI><a href="#[52]">&gt;&gt;</a>&nbsp;&nbsp;&nbsp;EnableNvic
<LI><a href="#[58]">&gt;&gt;</a>&nbsp;&nbsp;&nbsp;Gpio_InitIOExt
<LI><a href="#[84]">&gt;&gt;</a>&nbsp;&nbsp;&nbsp;io_init
</UL>
<BR>[Called By]<UL><LI><a href="#[a3]">&gt;&gt;</a>&nbsp;&nbsp;&nbsp;init
</UL>

<P><STRONG><a name="[61]"></a>TG_TimOVR</STRONG> (Thumb, 112 bytes, Stack size 8 bytes, tg.o(i.TG_TimOVR))
<BR><BR>[Stack]<UL><LI>Max Depth = 112<LI>Call Chain = TG_TimOVR &rArr; ZeroDelay &rArr; Relay_sub &rArr; h595d_write &rArr; delay_us
</UL>
<BR>[Calls]<UL><LI><a href="#[92]">&gt;&gt;</a>&nbsp;&nbsp;&nbsp;ZeroDelay
<LI><a href="#[93]">&gt;&gt;</a>&nbsp;&nbsp;&nbsp;Gpio_SetIO
</UL>
<BR>[Called By]<UL><LI><a href="#[2d]">&gt;&gt;</a>&nbsp;&nbsp;&nbsp;Bt0Int
</UL>

<P><STRONG><a name="[ac]"></a>TG_Work</STRONG> (Thumb, 284 bytes, Stack size 24 bytes, tg.o(i.TG_Work))
<BR><BR>[Stack]<UL><LI>Max Depth = 24<LI>Call Chain = TG_Work
</UL>
<BR>[Called By]<UL><LI><a href="#[96]">&gt;&gt;</a>&nbsp;&nbsp;&nbsp;xunSub_diao
</UL>

<P><STRONG><a name="[75]"></a>TG_ZeroEX</STRONG> (Thumb, 46 bytes, Stack size 8 bytes, tg.o(i.TG_ZeroEX))
<BR><BR>[Stack]<UL><LI>Max Depth = 32<LI>Call Chain = TG_ZeroEX &rArr; delay_us
</UL>
<BR>[Calls]<UL><LI><a href="#[54]">&gt;&gt;</a>&nbsp;&nbsp;&nbsp;Bt_Cnt16Set
<LI><a href="#[94]">&gt;&gt;</a>&nbsp;&nbsp;&nbsp;delay_us
<LI><a href="#[93]">&gt;&gt;</a>&nbsp;&nbsp;&nbsp;Gpio_SetIO
</UL>
<BR>[Called By]<UL><LI><a href="#[32]">&gt;&gt;</a>&nbsp;&nbsp;&nbsp;Gpio_IRQHandler
</UL>

<P><STRONG><a name="[95]"></a>Thread_Ms_sub</STRONG> (Thumb, 24 bytes, Stack size 8 bytes, main.o(i.Thread_Ms_sub))
<BR><BR>[Stack]<UL><LI>Max Depth = 128<LI>Call Chain = Thread_Ms_sub &rArr; xunSub_diao &rArr; jishu_sub &rArr; Relay_sub &rArr; h595d_write &rArr; delay_us
</UL>
<BR>[Calls]<UL><LI><a href="#[96]">&gt;&gt;</a>&nbsp;&nbsp;&nbsp;xunSub_diao
<LI><a href="#[97]">&gt;&gt;</a>&nbsp;&nbsp;&nbsp;Wdt_Feed
</UL>
<BR>[Called By]<UL><LI><a href="#[40]">&gt;&gt;</a>&nbsp;&nbsp;&nbsp;main
</UL>

<P><STRONG><a name="[34]"></a>Tim_IRQHandler</STRONG> (Thumb, 28 bytes, Stack size 0 bytes, bt_1.o(i.Tim_IRQHandler))
<BR><BR>[Called By]<UL><LI><a href="#[1b]">&gt;&gt;</a>&nbsp;&nbsp;&nbsp;IRQ016_Handler
<LI><a href="#[1a]">&gt;&gt;</a>&nbsp;&nbsp;&nbsp;IRQ015_Handler
<LI><a href="#[19]">&gt;&gt;</a>&nbsp;&nbsp;&nbsp;IRQ014_Handler
</UL>

<P><STRONG><a name="[8e]"></a>UART1_R_Interr</STRONG> (Thumb, 40 bytes, Stack size 8 bytes, usart.o(i.UART1_R_Interr))
<BR><BR>[Stack]<UL><LI>Max Depth = 8<LI>Call Chain = UART1_R_Interr
</UL>
<BR>[Called By]<UL><LI><a href="#[2e]">&gt;&gt;</a>&nbsp;&nbsp;&nbsp;RxIntCallback
</UL>

<P><STRONG><a name="[98]"></a>UART1_ReadBoxSUB</STRONG> (Thumb, 38 bytes, Stack size 8 bytes, usart.o(i.UART1_ReadBoxSUB))
<BR><BR>[Stack]<UL><LI>Max Depth = 44<LI>Call Chain = UART1_ReadBoxSUB &rArr; RcuData_rev &rArr; crc_chk_value
</UL>
<BR>[Calls]<UL><LI><a href="#[86]">&gt;&gt;</a>&nbsp;&nbsp;&nbsp;RcuData_rev
</UL>
<BR>[Called By]<UL><LI><a href="#[96]">&gt;&gt;</a>&nbsp;&nbsp;&nbsp;xunSub_diao
</UL>

<P><STRONG><a name="[ab]"></a>UART1_try</STRONG> (Thumb, 2 bytes, Stack size 0 bytes, usart.o(i.UART1_try))
<BR><BR>[Called By]<UL><LI><a href="#[96]">&gt;&gt;</a>&nbsp;&nbsp;&nbsp;xunSub_diao
</UL>

<P><STRONG><a name="[5e]"></a>Uart_ClrStatus</STRONG> (Thumb, 60 bytes, Stack size 8 bytes, uart_1.o(i.Uart_ClrStatus))
<BR><BR>[Stack]<UL><LI>Max Depth = 16<LI>Call Chain = Uart_ClrStatus &rArr; UartGetInternDataPtr
</UL>
<BR>[Calls]<UL><LI><a href="#[99]">&gt;&gt;</a>&nbsp;&nbsp;&nbsp;UartGetInternDataPtr
</UL>
<BR>[Called By]<UL><LI><a href="#[56]">&gt;&gt;</a>&nbsp;&nbsp;&nbsp;App_UartInit
<LI><a href="#[35]">&gt;&gt;</a>&nbsp;&nbsp;&nbsp;Uart_IRQHandler
</UL>

<P><STRONG><a name="[5f]"></a>Uart_EnableFunc</STRONG> (Thumb, 36 bytes, Stack size 8 bytes, uart_1.o(i.Uart_EnableFunc))
<BR><BR>[Stack]<UL><LI>Max Depth = 16<LI>Call Chain = Uart_EnableFunc &rArr; UartGetInternDataPtr
</UL>
<BR>[Calls]<UL><LI><a href="#[99]">&gt;&gt;</a>&nbsp;&nbsp;&nbsp;UartGetInternDataPtr
</UL>
<BR>[Called By]<UL><LI><a href="#[56]">&gt;&gt;</a>&nbsp;&nbsp;&nbsp;App_UartInit
</UL>

<P><STRONG><a name="[5d]"></a>Uart_EnableIrq</STRONG> (Thumb, 46 bytes, Stack size 8 bytes, uart_1.o(i.Uart_EnableIrq))
<BR><BR>[Stack]<UL><LI>Max Depth = 16<LI>Call Chain = Uart_EnableIrq &rArr; UartGetInternDataPtr
</UL>
<BR>[Calls]<UL><LI><a href="#[99]">&gt;&gt;</a>&nbsp;&nbsp;&nbsp;UartGetInternDataPtr
</UL>
<BR>[Called By]<UL><LI><a href="#[56]">&gt;&gt;</a>&nbsp;&nbsp;&nbsp;App_UartInit
</UL>

<P><STRONG><a name="[35]"></a>Uart_IRQHandler</STRONG> (Thumb, 80 bytes, Stack size 16 bytes, uart_1.o(i.Uart_IRQHandler))
<BR><BR>[Stack]<UL><LI>Max Depth = 32<LI>Call Chain = Uart_IRQHandler &rArr; Uart_ClrStatus &rArr; UartGetInternDataPtr
</UL>
<BR>[Calls]<UL><LI><a href="#[5e]">&gt;&gt;</a>&nbsp;&nbsp;&nbsp;Uart_ClrStatus
<LI><a href="#[99]">&gt;&gt;</a>&nbsp;&nbsp;&nbsp;UartGetInternDataPtr
</UL>
<BR>[Called By]<UL><LI><a href="#[12]">&gt;&gt;</a>&nbsp;&nbsp;&nbsp;IRQ007_Handler
<LI><a href="#[11]">&gt;&gt;</a>&nbsp;&nbsp;&nbsp;IRQ006_Handler
</UL>

<P><STRONG><a name="[5c]"></a>Uart_Init</STRONG> (Thumb, 140 bytes, Stack size 16 bytes, uart_1.o(i.Uart_Init))
<BR><BR>[Stack]<UL><LI>Max Depth = 32<LI>Call Chain = Uart_Init &rArr; Uart_SetMultiMode &rArr; UartGetInternDataPtr
</UL>
<BR>[Calls]<UL><LI><a href="#[9b]">&gt;&gt;</a>&nbsp;&nbsp;&nbsp;Uart_SetMultiMode
<LI><a href="#[9a]">&gt;&gt;</a>&nbsp;&nbsp;&nbsp;Uart_SetMode
<LI><a href="#[9d]">&gt;&gt;</a>&nbsp;&nbsp;&nbsp;__NVIC_SetPriority
<LI><a href="#[9c]">&gt;&gt;</a>&nbsp;&nbsp;&nbsp;__NVIC_ClearPendingIRQ
<LI><a href="#[99]">&gt;&gt;</a>&nbsp;&nbsp;&nbsp;UartGetInternDataPtr
</UL>
<BR>[Called By]<UL><LI><a href="#[56]">&gt;&gt;</a>&nbsp;&nbsp;&nbsp;App_UartInit
</UL>

<P><STRONG><a name="[5b]"></a>Uart_SetBaudRate</STRONG> (Thumb, 90 bytes, Stack size 16 bytes, uart_1.o(i.Uart_SetBaudRate))
<BR><BR>[Stack]<UL><LI>Max Depth = 24<LI>Call Chain = Uart_SetBaudRate &rArr; UartGetInternDataPtr
</UL>
<BR>[Calls]<UL><LI><a href="#[99]">&gt;&gt;</a>&nbsp;&nbsp;&nbsp;UartGetInternDataPtr
<LI><a href="#[9e]">&gt;&gt;</a>&nbsp;&nbsp;&nbsp;__aeabi_uidivmod
</UL>
<BR>[Called By]<UL><LI><a href="#[56]">&gt;&gt;</a>&nbsp;&nbsp;&nbsp;App_UartInit
</UL>

<P><STRONG><a name="[9a]"></a>Uart_SetMode</STRONG> (Thumb, 36 bytes, Stack size 8 bytes, uart_1.o(i.Uart_SetMode))
<BR><BR>[Stack]<UL><LI>Max Depth = 16<LI>Call Chain = Uart_SetMode &rArr; UartGetInternDataPtr
</UL>
<BR>[Calls]<UL><LI><a href="#[99]">&gt;&gt;</a>&nbsp;&nbsp;&nbsp;UartGetInternDataPtr
</UL>
<BR>[Called By]<UL><LI><a href="#[5c]">&gt;&gt;</a>&nbsp;&nbsp;&nbsp;Uart_Init
</UL>

<P><STRONG><a name="[9b]"></a>Uart_SetMultiMode</STRONG> (Thumb, 62 bytes, Stack size 8 bytes, uart_1.o(i.Uart_SetMultiMode))
<BR><BR>[Stack]<UL><LI>Max Depth = 16<LI>Call Chain = Uart_SetMultiMode &rArr; UartGetInternDataPtr
</UL>
<BR>[Calls]<UL><LI><a href="#[99]">&gt;&gt;</a>&nbsp;&nbsp;&nbsp;UartGetInternDataPtr
</UL>
<BR>[Called By]<UL><LI><a href="#[5c]">&gt;&gt;</a>&nbsp;&nbsp;&nbsp;Uart_Init
</UL>

<P><STRONG><a name="[97]"></a>Wdt_Feed</STRONG> (Thumb, 12 bytes, Stack size 0 bytes, wdt_1.o(i.Wdt_Feed))
<BR><BR>[Called By]<UL><LI><a href="#[95]">&gt;&gt;</a>&nbsp;&nbsp;&nbsp;Thread_Ms_sub
</UL>

<P><STRONG><a name="[36]"></a>Wdt_IRQHandler</STRONG> (Thumb, 26 bytes, Stack size 8 bytes, wdt_1.o(i.Wdt_IRQHandler))
<BR><BR>[Stack]<UL><LI>Max Depth = 8<LI>Call Chain = Wdt_IRQHandler
</UL>
<BR>[Calls]<UL><LI><a href="#[9f]">&gt;&gt;</a>&nbsp;&nbsp;&nbsp;Wdt_Start
</UL>
<BR>[Called By]<UL><LI><a href="#[21]">&gt;&gt;</a>&nbsp;&nbsp;&nbsp;IRQ022_Handler
</UL>

<P><STRONG><a name="[a0]"></a>Wdt_Init</STRONG> (Thumb, 58 bytes, Stack size 8 bytes, wdt_1.o(i.Wdt_Init))
<BR><BR>[Stack]<UL><LI>Max Depth = 24<LI>Call Chain = Wdt_Init &rArr; EnableNvic
</UL>
<BR>[Calls]<UL><LI><a href="#[52]">&gt;&gt;</a>&nbsp;&nbsp;&nbsp;EnableNvic
<LI><a href="#[a1]">&gt;&gt;</a>&nbsp;&nbsp;&nbsp;Wdt_WriteWdtLoad
</UL>
<BR>[Called By]<UL><LI><a href="#[a4]">&gt;&gt;</a>&nbsp;&nbsp;&nbsp;wdog_init
</UL>

<P><STRONG><a name="[9f]"></a>Wdt_Start</STRONG> (Thumb, 14 bytes, Stack size 0 bytes, wdt_1.o(i.Wdt_Start))
<BR><BR>[Called By]<UL><LI><a href="#[a4]">&gt;&gt;</a>&nbsp;&nbsp;&nbsp;wdog_init
<LI><a href="#[36]">&gt;&gt;</a>&nbsp;&nbsp;&nbsp;Wdt_IRQHandler
</UL>

<P><STRONG><a name="[a1]"></a>Wdt_WriteWdtLoad</STRONG> (Thumb, 18 bytes, Stack size 0 bytes, wdt_1.o(i.Wdt_WriteWdtLoad))
<BR><BR>[Called By]<UL><LI><a href="#[a0]">&gt;&gt;</a>&nbsp;&nbsp;&nbsp;Wdt_Init
</UL>

<P><STRONG><a name="[92]"></a>ZeroDelay</STRONG> (Thumb, 52 bytes, Stack size 8 bytes, tg.o(i.ZeroDelay))
<BR><BR>[Stack]<UL><LI>Max Depth = 104<LI>Call Chain = ZeroDelay &rArr; Relay_sub &rArr; h595d_write &rArr; delay_us
</UL>
<BR>[Calls]<UL><LI><a href="#[8a]">&gt;&gt;</a>&nbsp;&nbsp;&nbsp;Relay_sub
<LI><a href="#[a2]">&gt;&gt;</a>&nbsp;&nbsp;&nbsp;led_set
</UL>
<BR>[Called By]<UL><LI><a href="#[61]">&gt;&gt;</a>&nbsp;&nbsp;&nbsp;TG_TimOVR
</UL>

<P><STRONG><a name="[76]"></a>ZeroEX</STRONG> (Thumb, 22 bytes, Stack size 0 bytes, tg.o(i.ZeroEX))
<BR><BR>[Called By]<UL><LI><a href="#[32]">&gt;&gt;</a>&nbsp;&nbsp;&nbsp;Gpio_IRQHandler
</UL>

<P><STRONG><a name="[74]"></a>_GpioEnableIrq</STRONG> (Thumb, 90 bytes, Stack size 16 bytes, gpio_1.o(i._GpioEnableIrq))
<BR><BR>[Stack]<UL><LI>Max Depth = 16<LI>Call Chain = _GpioEnableIrq
</UL>
<BR>[Called By]<UL><LI><a href="#[73]">&gt;&gt;</a>&nbsp;&nbsp;&nbsp;Gpio_EnableIrq
</UL>

<P><STRONG><a name="[6a]"></a>__ARM_common_switch8</STRONG> (Thumb, 26 bytes, Stack size 8 bytes, gpio_1.o(i.__ARM_common_switch8))
<BR><BR>[Stack]<UL><LI>Max Depth = 8<LI>Call Chain = __ARM_common_switch8
</UL>
<BR>[Called By]<UL><LI><a href="#[4b]">&gt;&gt;</a>&nbsp;&nbsp;&nbsp;Clk_SetRCHFreq
</UL>

<P><STRONG><a name="[45]"></a>_sys_exit</STRONG> (Thumb, 2 bytes, Stack size 0 bytes, ddl_1.o(i._sys_exit))
<BR><BR>[Called By]<UL><LI><a href="#[44]">&gt;&gt;</a>&nbsp;&nbsp;&nbsp;__rt_exit_exit
</UL>

<P><STRONG><a name="[89]"></a>crc_chk_value</STRONG> (Thumb, 48 bytes, Stack size 12 bytes, sys.o(i.crc_chk_value))
<BR><BR>[Stack]<UL><LI>Max Depth = 12<LI>Call Chain = crc_chk_value
</UL>
<BR>[Called By]<UL><LI><a href="#[86]">&gt;&gt;</a>&nbsp;&nbsp;&nbsp;RcuData_rev
</UL>

<P><STRONG><a name="[57]"></a>ddl_memclr</STRONG> (Thumb, 18 bytes, Stack size 0 bytes, ddl_1.o(i.ddl_memclr))
<BR><BR>[Called By]<UL><LI><a href="#[56]">&gt;&gt;</a>&nbsp;&nbsp;&nbsp;App_UartInit
<LI><a href="#[a4]">&gt;&gt;</a>&nbsp;&nbsp;&nbsp;wdog_init
<LI><a href="#[2b]">&gt;&gt;</a>&nbsp;&nbsp;&nbsp;SystemInit
</UL>

<P><STRONG><a name="[94]"></a>delay_us</STRONG> (Thumb, 64 bytes, Stack size 24 bytes, sys.o(i.delay_us))
<BR><BR>[Stack]<UL><LI>Max Depth = 24<LI>Call Chain = delay_us
</UL>
<BR>[Called By]<UL><LI><a href="#[75]">&gt;&gt;</a>&nbsp;&nbsp;&nbsp;TG_ZeroEX
<LI><a href="#[8c]">&gt;&gt;</a>&nbsp;&nbsp;&nbsp;h595d_write
</UL>

<P><STRONG><a name="[85]"></a>h595d_init</STRONG> (Thumb, 34 bytes, Stack size 8 bytes, led.o(i.h595d_init))
<BR><BR>[Stack]<UL><LI>Max Depth = 60<LI>Call Chain = h595d_init &rArr; io_init &rArr; Gpio_InitIOExt &rArr; Gpio_SetAnalog
</UL>
<BR>[Calls]<UL><LI><a href="#[84]">&gt;&gt;</a>&nbsp;&nbsp;&nbsp;io_init
</UL>
<BR>[Called By]<UL><LI><a href="#[83]">&gt;&gt;</a>&nbsp;&nbsp;&nbsp;LED_Init
</UL>

<P><STRONG><a name="[8c]"></a>h595d_write</STRONG> (Thumb, 142 bytes, Stack size 32 bytes, led.o(i.h595d_write))
<BR><BR>[Stack]<UL><LI>Max Depth = 56<LI>Call Chain = h595d_write &rArr; delay_us
</UL>
<BR>[Calls]<UL><LI><a href="#[94]">&gt;&gt;</a>&nbsp;&nbsp;&nbsp;delay_us
<LI><a href="#[93]">&gt;&gt;</a>&nbsp;&nbsp;&nbsp;Gpio_SetIO
</UL>
<BR>[Called By]<UL><LI><a href="#[8a]">&gt;&gt;</a>&nbsp;&nbsp;&nbsp;Relay_sub
</UL>

<P><STRONG><a name="[a3]"></a>init</STRONG> (Thumb, 60 bytes, Stack size 8 bytes, main.o(i.init))
<BR><BR>[Stack]<UL><LI>Max Depth = 136<LI>Call Chain = init &rArr; uart1_init &rArr; App_UartInit &rArr; Uart_Init &rArr; Uart_SetMultiMode &rArr; UartGetInternDataPtr
</UL>
<BR>[Calls]<UL><LI><a href="#[a7]">&gt;&gt;</a>&nbsp;&nbsp;&nbsp;timer0_Init
<LI><a href="#[90]">&gt;&gt;</a>&nbsp;&nbsp;&nbsp;TG_Init
<LI><a href="#[a5]">&gt;&gt;</a>&nbsp;&nbsp;&nbsp;uart1_init
<LI><a href="#[a4]">&gt;&gt;</a>&nbsp;&nbsp;&nbsp;wdog_init
<LI><a href="#[49]">&gt;&gt;</a>&nbsp;&nbsp;&nbsp;App_ClkInit
<LI><a href="#[88]">&gt;&gt;</a>&nbsp;&nbsp;&nbsp;led_shan
<LI><a href="#[83]">&gt;&gt;</a>&nbsp;&nbsp;&nbsp;LED_Init
<LI><a href="#[a6]">&gt;&gt;</a>&nbsp;&nbsp;&nbsp;key_init
<LI><a href="#[71]">&gt;&gt;</a>&nbsp;&nbsp;&nbsp;Get_MyMac
</UL>
<BR>[Called By]<UL><LI><a href="#[40]">&gt;&gt;</a>&nbsp;&nbsp;&nbsp;main
</UL>

<P><STRONG><a name="[84]"></a>io_init</STRONG> (Thumb, 64 bytes, Stack size 24 bytes, sys.o(i.io_init))
<BR><BR>[Stack]<UL><LI>Max Depth = 52<LI>Call Chain = io_init &rArr; Gpio_InitIOExt &rArr; Gpio_SetAnalog
</UL>
<BR>[Calls]<UL><LI><a href="#[58]">&gt;&gt;</a>&nbsp;&nbsp;&nbsp;Gpio_InitIOExt
</UL>
<BR>[Called By]<UL><LI><a href="#[90]">&gt;&gt;</a>&nbsp;&nbsp;&nbsp;TG_Init
<LI><a href="#[a5]">&gt;&gt;</a>&nbsp;&nbsp;&nbsp;uart1_init
<LI><a href="#[85]">&gt;&gt;</a>&nbsp;&nbsp;&nbsp;h595d_init
<LI><a href="#[83]">&gt;&gt;</a>&nbsp;&nbsp;&nbsp;LED_Init
<LI><a href="#[a6]">&gt;&gt;</a>&nbsp;&nbsp;&nbsp;key_init
</UL>

<P><STRONG><a name="[a8]"></a>jishu_sub</STRONG> (Thumb, 42 bytes, Stack size 8 bytes, tg.o(i.jishu_sub))
<BR><BR>[Stack]<UL><LI>Max Depth = 104<LI>Call Chain = jishu_sub &rArr; Relay_sub &rArr; h595d_write &rArr; delay_us
</UL>
<BR>[Calls]<UL><LI><a href="#[8a]">&gt;&gt;</a>&nbsp;&nbsp;&nbsp;Relay_sub
<LI><a href="#[a2]">&gt;&gt;</a>&nbsp;&nbsp;&nbsp;led_set
</UL>
<BR>[Called By]<UL><LI><a href="#[96]">&gt;&gt;</a>&nbsp;&nbsp;&nbsp;xunSub_diao
</UL>

<P><STRONG><a name="[a6]"></a>key_init</STRONG> (Thumb, 24 bytes, Stack size 8 bytes, key.o(i.key_init))
<BR><BR>[Stack]<UL><LI>Max Depth = 60<LI>Call Chain = key_init &rArr; io_init &rArr; Gpio_InitIOExt &rArr; Gpio_SetAnalog
</UL>
<BR>[Calls]<UL><LI><a href="#[84]">&gt;&gt;</a>&nbsp;&nbsp;&nbsp;io_init
</UL>
<BR>[Called By]<UL><LI><a href="#[a3]">&gt;&gt;</a>&nbsp;&nbsp;&nbsp;init
</UL>

<P><STRONG><a name="[a2]"></a>led_set</STRONG> (Thumb, 30 bytes, Stack size 8 bytes, led.o(i.led_set))
<BR><BR>[Stack]<UL><LI>Max Depth = 16<LI>Call Chain = led_set &rArr; Gpio_SetIO
</UL>
<BR>[Calls]<UL><LI><a href="#[93]">&gt;&gt;</a>&nbsp;&nbsp;&nbsp;Gpio_SetIO
</UL>
<BR>[Called By]<UL><LI><a href="#[a8]">&gt;&gt;</a>&nbsp;&nbsp;&nbsp;jishu_sub
<LI><a href="#[92]">&gt;&gt;</a>&nbsp;&nbsp;&nbsp;ZeroDelay
</UL>

<P><STRONG><a name="[88]"></a>led_shan</STRONG> (Thumb, 16 bytes, Stack size 0 bytes, led.o(i.led_shan))
<BR><BR>[Called By]<UL><LI><a href="#[a3]">&gt;&gt;</a>&nbsp;&nbsp;&nbsp;init
<LI><a href="#[86]">&gt;&gt;</a>&nbsp;&nbsp;&nbsp;RcuData_rev
</UL>

<P><STRONG><a name="[a9]"></a>led_shan_sub</STRONG> (Thumb, 74 bytes, Stack size 16 bytes, led.o(i.led_shan_sub))
<BR><BR>[Stack]<UL><LI>Max Depth = 24<LI>Call Chain = led_shan_sub &rArr; Gpio_SetIO
</UL>
<BR>[Calls]<UL><LI><a href="#[93]">&gt;&gt;</a>&nbsp;&nbsp;&nbsp;Gpio_SetIO
<LI><a href="#[72]">&gt;&gt;</a>&nbsp;&nbsp;&nbsp;Gpio_GetIO
</UL>
<BR>[Called By]<UL><LI><a href="#[96]">&gt;&gt;</a>&nbsp;&nbsp;&nbsp;xunSub_diao
</UL>

<P><STRONG><a name="[40]"></a>main</STRONG> (Thumb, 10 bytes, Stack size 0 bytes, main.o(i.main))
<BR><BR>[Stack]<UL><LI>Max Depth = 136<LI>Call Chain = main &rArr; init &rArr; uart1_init &rArr; App_UartInit &rArr; Uart_Init &rArr; Uart_SetMultiMode &rArr; UartGetInternDataPtr
</UL>
<BR>[Calls]<UL><LI><a href="#[a3]">&gt;&gt;</a>&nbsp;&nbsp;&nbsp;init
<LI><a href="#[95]">&gt;&gt;</a>&nbsp;&nbsp;&nbsp;Thread_Ms_sub
</UL>
<BR>[Called By]<UL><LI><a href="#[3f]">&gt;&gt;</a>&nbsp;&nbsp;&nbsp;__rt_entry_main
</UL>

<P><STRONG><a name="[8b]"></a>relay_closeA_SBuf</STRONG> (Thumb, 52 bytes, Stack size 28 bytes, led.o(i.relay_closeA_SBuf))
<BR><BR>[Stack]<UL><LI>Max Depth = 36<LI>Call Chain = relay_closeA_SBuf &rArr; relay_set
</UL>
<BR>[Calls]<UL><LI><a href="#[aa]">&gt;&gt;</a>&nbsp;&nbsp;&nbsp;relay_set
</UL>
<BR>[Called By]<UL><LI><a href="#[8a]">&gt;&gt;</a>&nbsp;&nbsp;&nbsp;Relay_sub
</UL>

<P><STRONG><a name="[aa]"></a>relay_set</STRONG> (Thumb, 46 bytes, Stack size 8 bytes, led.o(i.relay_set))
<BR><BR>[Stack]<UL><LI>Max Depth = 8<LI>Call Chain = relay_set
</UL>
<BR>[Called By]<UL><LI><a href="#[8b]">&gt;&gt;</a>&nbsp;&nbsp;&nbsp;relay_closeA_SBuf
</UL>

<P><STRONG><a name="[a7]"></a>timer0_Init</STRONG> (Thumb, 44 bytes, Stack size 8 bytes, timers.o(i.timer0_Init))
<BR><BR>[Stack]<UL><LI>Max Depth = 64<LI>Call Chain = timer0_Init &rArr; Clk_Init &rArr; Clk_SwitchTo &rArr; Clk_Enable
</UL>
<BR>[Calls]<UL><LI><a href="#[66]">&gt;&gt;</a>&nbsp;&nbsp;&nbsp;Clk_Init
<LI><a href="#[4e]">&gt;&gt;</a>&nbsp;&nbsp;&nbsp;App_Timer0Cfg
<LI><a href="#[59]">&gt;&gt;</a>&nbsp;&nbsp;&nbsp;Clk_SetPeripheralGate
</UL>
<BR>[Called By]<UL><LI><a href="#[a3]">&gt;&gt;</a>&nbsp;&nbsp;&nbsp;init
</UL>

<P><STRONG><a name="[a5]"></a>uart1_init</STRONG> (Thumb, 28 bytes, Stack size 8 bytes, usart.o(i.uart1_init))
<BR><BR>[Stack]<UL><LI>Max Depth = 128<LI>Call Chain = uart1_init &rArr; App_UartInit &rArr; Uart_Init &rArr; Uart_SetMultiMode &rArr; UartGetInternDataPtr
</UL>
<BR>[Calls]<UL><LI><a href="#[56]">&gt;&gt;</a>&nbsp;&nbsp;&nbsp;App_UartInit
<LI><a href="#[93]">&gt;&gt;</a>&nbsp;&nbsp;&nbsp;Gpio_SetIO
<LI><a href="#[84]">&gt;&gt;</a>&nbsp;&nbsp;&nbsp;io_init
</UL>
<BR>[Called By]<UL><LI><a href="#[a3]">&gt;&gt;</a>&nbsp;&nbsp;&nbsp;init
</UL>

<P><STRONG><a name="[a4]"></a>wdog_init</STRONG> (Thumb, 40 bytes, Stack size 16 bytes, sys.o(i.wdog_init))
<BR><BR>[Stack]<UL><LI>Max Depth = 40<LI>Call Chain = wdog_init &rArr; Wdt_Init &rArr; EnableNvic
</UL>
<BR>[Calls]<UL><LI><a href="#[9f]">&gt;&gt;</a>&nbsp;&nbsp;&nbsp;Wdt_Start
<LI><a href="#[a0]">&gt;&gt;</a>&nbsp;&nbsp;&nbsp;Wdt_Init
<LI><a href="#[59]">&gt;&gt;</a>&nbsp;&nbsp;&nbsp;Clk_SetPeripheralGate
<LI><a href="#[57]">&gt;&gt;</a>&nbsp;&nbsp;&nbsp;ddl_memclr
</UL>
<BR>[Called By]<UL><LI><a href="#[a3]">&gt;&gt;</a>&nbsp;&nbsp;&nbsp;init
</UL>

<P><STRONG><a name="[96]"></a>xunSub_diao</STRONG> (Thumb, 118 bytes, Stack size 16 bytes, xunsub.o(i.xunSub_diao))
<BR><BR>[Stack]<UL><LI>Max Depth = 120<LI>Call Chain = xunSub_diao &rArr; jishu_sub &rArr; Relay_sub &rArr; h595d_write &rArr; delay_us
</UL>
<BR>[Calls]<UL><LI><a href="#[a8]">&gt;&gt;</a>&nbsp;&nbsp;&nbsp;jishu_sub
<LI><a href="#[ac]">&gt;&gt;</a>&nbsp;&nbsp;&nbsp;TG_Work
<LI><a href="#[ab]">&gt;&gt;</a>&nbsp;&nbsp;&nbsp;UART1_try
<LI><a href="#[98]">&gt;&gt;</a>&nbsp;&nbsp;&nbsp;UART1_ReadBoxSUB
<LI><a href="#[a9]">&gt;&gt;</a>&nbsp;&nbsp;&nbsp;led_shan_sub
</UL>
<BR>[Called By]<UL><LI><a href="#[95]">&gt;&gt;</a>&nbsp;&nbsp;&nbsp;Thread_Ms_sub
</UL>

<P><STRONG><a name="[62]"></a>xunSub_timer</STRONG> (Thumb, 80 bytes, Stack size 0 bytes, xunsub.o(i.xunSub_timer))
<BR><BR>[Called By]<UL><LI><a href="#[2d]">&gt;&gt;</a>&nbsp;&nbsp;&nbsp;Bt0Int
</UL>
<P>
<H3>
Local Symbols
</H3>
<P><STRONG><a name="[56]"></a>App_UartInit</STRONG> (Thumb, 278 bytes, Stack size 88 bytes, usart.o(i.App_UartInit))
<BR><BR>[Stack]<UL><LI>Max Depth = 120<LI>Call Chain = App_UartInit &rArr; Uart_Init &rArr; Uart_SetMultiMode &rArr; UartGetInternDataPtr
</UL>
<BR>[Calls]<UL><LI><a href="#[5b]">&gt;&gt;</a>&nbsp;&nbsp;&nbsp;Uart_SetBaudRate
<LI><a href="#[5c]">&gt;&gt;</a>&nbsp;&nbsp;&nbsp;Uart_Init
<LI><a href="#[5d]">&gt;&gt;</a>&nbsp;&nbsp;&nbsp;Uart_EnableIrq
<LI><a href="#[5f]">&gt;&gt;</a>&nbsp;&nbsp;&nbsp;Uart_EnableFunc
<LI><a href="#[5e]">&gt;&gt;</a>&nbsp;&nbsp;&nbsp;Uart_ClrStatus
<LI><a href="#[5a]">&gt;&gt;</a>&nbsp;&nbsp;&nbsp;Clk_GetPClkFreq
<LI><a href="#[55]">&gt;&gt;</a>&nbsp;&nbsp;&nbsp;Bt_Run
<LI><a href="#[4f]">&gt;&gt;</a>&nbsp;&nbsp;&nbsp;Bt_Init
<LI><a href="#[54]">&gt;&gt;</a>&nbsp;&nbsp;&nbsp;Bt_Cnt16Set
<LI><a href="#[53]">&gt;&gt;</a>&nbsp;&nbsp;&nbsp;Bt_ARRSet
<LI><a href="#[58]">&gt;&gt;</a>&nbsp;&nbsp;&nbsp;Gpio_InitIOExt
<LI><a href="#[59]">&gt;&gt;</a>&nbsp;&nbsp;&nbsp;Clk_SetPeripheralGate
<LI><a href="#[57]">&gt;&gt;</a>&nbsp;&nbsp;&nbsp;ddl_memclr
</UL>
<BR>[Called By]<UL><LI><a href="#[a5]">&gt;&gt;</a>&nbsp;&nbsp;&nbsp;uart1_init
</UL>

<P><STRONG><a name="[64]"></a>ClkUnlock</STRONG> (Thumb, 12 bytes, Stack size 0 bytes, clk_1.o(i.ClkUnlock))
<BR><BR>[Called By]<UL><LI><a href="#[63]">&gt;&gt;</a>&nbsp;&nbsp;&nbsp;Clk_Enable
<LI><a href="#[6b]">&gt;&gt;</a>&nbsp;&nbsp;&nbsp;Clk_SetSource
<LI><a href="#[68]">&gt;&gt;</a>&nbsp;&nbsp;&nbsp;Clk_SetPClkDiv
<LI><a href="#[67]">&gt;&gt;</a>&nbsp;&nbsp;&nbsp;Clk_SetHClkDiv
</UL>

<P><STRONG><a name="[65]"></a>ClkWriteDummy</STRONG> (Thumb, 14 bytes, Stack size 0 bytes, clk_1.o(i.ClkWriteDummy))
<BR><BR>[Called By]<UL><LI><a href="#[63]">&gt;&gt;</a>&nbsp;&nbsp;&nbsp;Clk_Enable
<LI><a href="#[6b]">&gt;&gt;</a>&nbsp;&nbsp;&nbsp;Clk_SetSource
</UL>

<P><STRONG><a name="[99]"></a>UartGetInternDataPtr</STRONG> (Thumb, 38 bytes, Stack size 8 bytes, uart_1.o(i.UartGetInternDataPtr))
<BR><BR>[Stack]<UL><LI>Max Depth = 8<LI>Call Chain = UartGetInternDataPtr
</UL>
<BR>[Called By]<UL><LI><a href="#[5b]">&gt;&gt;</a>&nbsp;&nbsp;&nbsp;Uart_SetBaudRate
<LI><a href="#[5c]">&gt;&gt;</a>&nbsp;&nbsp;&nbsp;Uart_Init
<LI><a href="#[5d]">&gt;&gt;</a>&nbsp;&nbsp;&nbsp;Uart_EnableIrq
<LI><a href="#[5f]">&gt;&gt;</a>&nbsp;&nbsp;&nbsp;Uart_EnableFunc
<LI><a href="#[5e]">&gt;&gt;</a>&nbsp;&nbsp;&nbsp;Uart_ClrStatus
<LI><a href="#[9b]">&gt;&gt;</a>&nbsp;&nbsp;&nbsp;Uart_SetMultiMode
<LI><a href="#[9a]">&gt;&gt;</a>&nbsp;&nbsp;&nbsp;Uart_SetMode
<LI><a href="#[35]">&gt;&gt;</a>&nbsp;&nbsp;&nbsp;Uart_IRQHandler
</UL>

<P><STRONG><a name="[9c]"></a>__NVIC_ClearPendingIRQ</STRONG> (Thumb, 18 bytes, Stack size 0 bytes, uart_1.o(i.__NVIC_ClearPendingIRQ))
<BR><BR>[Called By]<UL><LI><a href="#[5c]">&gt;&gt;</a>&nbsp;&nbsp;&nbsp;Uart_Init
</UL>

<P><STRONG><a name="[9d]"></a>__NVIC_SetPriority</STRONG> (Thumb, 60 bytes, Stack size 0 bytes, uart_1.o(i.__NVIC_SetPriority))
<BR><BR>[Called By]<UL><LI><a href="#[5c]">&gt;&gt;</a>&nbsp;&nbsp;&nbsp;Uart_Init
</UL>
<P>
<H3>
Undefined Global Symbols
</H3>
<P><STRONG><a name="[7f]"></a>Adc_IRQHandler</STRONG> (ARM, 0 bytes, Stack size 0 bytes, UNDEFINED)
<BR><BR>[Called By]<UL><LI><a href="#[23]">&gt;&gt;</a>&nbsp;&nbsp;&nbsp;IRQ024_Handler
</UL>

<P><STRONG><a name="[7c]"></a>Adt_IRQHandler</STRONG> (ARM, 0 bytes, Stack size 0 bytes, UNDEFINED)
<BR><BR>[Called By]<UL><LI><a href="#[1f]">&gt;&gt;</a>&nbsp;&nbsp;&nbsp;IRQ020_Handler
<LI><a href="#[1e]">&gt;&gt;</a>&nbsp;&nbsp;&nbsp;IRQ019_Handler
<LI><a href="#[1d]">&gt;&gt;</a>&nbsp;&nbsp;&nbsp;IRQ018_Handler
</UL>

<P><STRONG><a name="[82]"></a>ClkTrim_IRQHandler</STRONG> (ARM, 0 bytes, Stack size 0 bytes, UNDEFINED)
<BR><BR>[Called By]<UL><LI><a href="#[2a]">&gt;&gt;</a>&nbsp;&nbsp;&nbsp;IRQ031_Handler
</UL>

<P><STRONG><a name="[7a]"></a>I2c_IRQHandler</STRONG> (ARM, 0 bytes, Stack size 0 bytes, UNDEFINED)
<BR><BR>[Called By]<UL><LI><a href="#[17]">&gt;&gt;</a>&nbsp;&nbsp;&nbsp;IRQ012_Handler
</UL>

<P><STRONG><a name="[7b]"></a>LpTim_IRQHandler</STRONG> (ARM, 0 bytes, Stack size 0 bytes, UNDEFINED)
<BR><BR>[Called By]<UL><LI><a href="#[1c]">&gt;&gt;</a>&nbsp;&nbsp;&nbsp;IRQ017_Handler
</UL>

<P><STRONG><a name="[78]"></a>LpUart_IRQHandler</STRONG> (ARM, 0 bytes, Stack size 0 bytes, UNDEFINED)
<BR><BR>[Called By]<UL><LI><a href="#[13]">&gt;&gt;</a>&nbsp;&nbsp;&nbsp;IRQ008_Handler
</UL>

<P><STRONG><a name="[81]"></a>Lvd_IRQHandler</STRONG> (ARM, 0 bytes, Stack size 0 bytes, UNDEFINED)
<BR><BR>[Called By]<UL><LI><a href="#[27]">&gt;&gt;</a>&nbsp;&nbsp;&nbsp;IRQ028_Handler
</UL>

<P><STRONG><a name="[7d]"></a>Pca_IRQHandler</STRONG> (ARM, 0 bytes, Stack size 0 bytes, UNDEFINED)
<BR><BR>[Called By]<UL><LI><a href="#[20]">&gt;&gt;</a>&nbsp;&nbsp;&nbsp;IRQ021_Handler
</UL>

<P><STRONG><a name="[7e]"></a>Rtc_IRQHandler</STRONG> (ARM, 0 bytes, Stack size 0 bytes, UNDEFINED)
<BR><BR>[Called By]<UL><LI><a href="#[22]">&gt;&gt;</a>&nbsp;&nbsp;&nbsp;IRQ023_Handler
</UL>

<P><STRONG><a name="[79]"></a>Spi_IRQHandler</STRONG> (ARM, 0 bytes, Stack size 0 bytes, UNDEFINED)
<BR><BR>[Called By]<UL><LI><a href="#[15]">&gt;&gt;</a>&nbsp;&nbsp;&nbsp;IRQ010_Handler
</UL>

<P><STRONG><a name="[80]"></a>Vc_IRQHandler</STRONG> (ARM, 0 bytes, Stack size 0 bytes, UNDEFINED)
<BR><BR>[Called By]<UL><LI><a href="#[26]">&gt;&gt;</a>&nbsp;&nbsp;&nbsp;IRQ027_Handler
<LI><a href="#[25]">&gt;&gt;</a>&nbsp;&nbsp;&nbsp;IRQ026_Handler
</UL>

<P><STRONG><a name="[47]"></a>_call_atexit_fns</STRONG> (ARM, 0 bytes, Stack size 0 bytes, UNDEFINED)
<BR><BR>[Called By]<UL><LI><a href="#[41]">&gt;&gt;</a>&nbsp;&nbsp;&nbsp;exit
</UL>
<HR></body></html>
